###############################################################################
#
# IAR ELF Linker V8.22.1.15669/W32 for ARM                14/Aug/2018  23:54:06
# Copyright 2007-2018 IAR Systems AB.
#
#    Output file  =  
#        C:\Users\bread\Desktop\robot\dh\EWARM\encoder\Exe\encoder.out
#    Map file     =  
#        C:\Users\bread\Desktop\robot\dh\EWARM\encoder\List\encoder.map
#    Command line =  
#        -f C:\Users\bread\AppData\Local\Temp\EWE8A7.tmp
#        (C:\Users\bread\Desktop\robot\dh\EWARM\encoder\Obj\control.o
#        C:\Users\bread\Desktop\robot\dh\EWARM\encoder\Obj\gpio.o
#        C:\Users\bread\Desktop\robot\dh\EWARM\encoder\Obj\i2c.o
#        C:\Users\bread\Desktop\robot\dh\EWARM\encoder\Obj\main.o
#        C:\Users\bread\Desktop\robot\dh\EWARM\encoder\Obj\mpu9250.o
#        C:\Users\bread\Desktop\robot\dh\EWARM\encoder\Obj\startup_stm32f103xb.o
#        C:\Users\bread\Desktop\robot\dh\EWARM\encoder\Obj\stm32f1xx_hal.o
#        C:\Users\bread\Desktop\robot\dh\EWARM\encoder\Obj\stm32f1xx_hal_cortex.o
#        C:\Users\bread\Desktop\robot\dh\EWARM\encoder\Obj\stm32f1xx_hal_dma.o
#        C:\Users\bread\Desktop\robot\dh\EWARM\encoder\Obj\stm32f1xx_hal_flash.o
#        C:\Users\bread\Desktop\robot\dh\EWARM\encoder\Obj\stm32f1xx_hal_flash_ex.o
#        C:\Users\bread\Desktop\robot\dh\EWARM\encoder\Obj\stm32f1xx_hal_gpio.o
#        C:\Users\bread\Desktop\robot\dh\EWARM\encoder\Obj\stm32f1xx_hal_gpio_ex.o
#        C:\Users\bread\Desktop\robot\dh\EWARM\encoder\Obj\stm32f1xx_hal_i2c.o
#        C:\Users\bread\Desktop\robot\dh\EWARM\encoder\Obj\stm32f1xx_hal_msp.o
#        C:\Users\bread\Desktop\robot\dh\EWARM\encoder\Obj\stm32f1xx_hal_pwr.o
#        C:\Users\bread\Desktop\robot\dh\EWARM\encoder\Obj\stm32f1xx_hal_rcc.o
#        C:\Users\bread\Desktop\robot\dh\EWARM\encoder\Obj\stm32f1xx_hal_rcc_ex.o
#        C:\Users\bread\Desktop\robot\dh\EWARM\encoder\Obj\stm32f1xx_hal_tim.o
#        C:\Users\bread\Desktop\robot\dh\EWARM\encoder\Obj\stm32f1xx_hal_tim_ex.o
#        C:\Users\bread\Desktop\robot\dh\EWARM\encoder\Obj\stm32f1xx_hal_uart.o
#        C:\Users\bread\Desktop\robot\dh\EWARM\encoder\Obj\stm32f1xx_it.o
#        C:\Users\bread\Desktop\robot\dh\EWARM\encoder\Obj\system_stm32f1xx.o
#        C:\Users\bread\Desktop\robot\dh\EWARM\encoder\Obj\tim.o
#        C:\Users\bread\Desktop\robot\dh\EWARM\encoder\Obj\usart.o --redirect
#        _Printf=_PrintfFull --redirect _Scanf=_ScanfFull -o
#        C:\Users\bread\Desktop\robot\dh\EWARM\encoder\Exe\encoder.out --map
#        C:\Users\bread\Desktop\robot\dh\EWARM\encoder\List\encoder.map
#        --config C:\Users\bread\Desktop\robot\dh\EWARM/stm32f103xb_flash.icf
#        --semihosting --entry __iar_program_start --vfe --text_out locale)
#
###############################################################################

*******************************************************************************
*** RUNTIME MODEL ATTRIBUTES
***

CppFlavor       = *
__Heap_Handler  = DLMalloc
__SystemLibrary = DLib
__dlib_version  = 6


*******************************************************************************
*** HEAP SELECTION
***

The advanced heap was selected because the application calls memory
allocation functions outside of system library functions, and there
are calls to deallocation functions in the application.


*******************************************************************************
*** PLACEMENT SUMMARY
***

"A0":  place at 0x08000000 { ro section .intvec };
"P1":  place in [from 0x08000000 to 0x0801ffff] { ro };
define block CSTACK with size = 1K, alignment = 8 { };
define block HEAP with size = 512, alignment = 8 { };
"P2":  place in [from 0x20000000 to 0x20004fff] {
          rw, block CSTACK, block HEAP };
initialize by copy { rw };

  Section            Kind        Address    Size  Object
  -------            ----        -------    ----  ------
"A0":                                       0xec
  .intvec            ro code  0x08000000    0xec  startup_stm32f103xb.o [1]
                            - 0x080000ec    0xec

"P1":                                     0x6724
  .text              ro code  0x080000ec  0x14d4  dlmalloc.o [3]
  .text              ro code  0x080015c0     0x6  abort.o [3]
  .text              ro code  0x080015c6    0x1e  xencoding_8859_1.o [3]
  .text              ro code  0x080015e4    0x2c  xgetmemchunk.o [3]
  .text              ro code  0x08001610    0x14  exit.o [6]
  .text              ro code  0x08001624   0xf96  xprintffull.o [3]
  .text              ro code  0x080025ba    0x1a  xsnprout.o [3]
  .text              ro code  0x080025d4    0x74  xlocale_c.o [3]
  .text              ro code  0x08002648    0x16  strchr.o [5]
  .text              ro code  0x08002660    0x40  xfail_s.o [3]
  .text              ro code  0x080026a0    0x36  strlen.o [5]
  .text              ro code  0x080026d8    0x58  memchr.o [5]
  .text              ro code  0x08002730     0xa  xmbcurmax.o [3]
  .text              ro code  0x0800273c    0xa6  ABImemcpy.o [5]
  .text              ro code  0x080027e4   0x22e  I64DivMod.o [5]
  .text              ro code  0x08002a14   0x1a2  DblMul.o [4]
  .text              ro code  0x08002bb8    0x70  frexp.o [4]
  .text              ro code  0x08002c28    0x2e  DblCmpLe.o [4]
  .text              ro code  0x08002c58    0x2e  DblCmpGe.o [4]
  .text              ro code  0x08002c88   0x13a  ldexp.o [4]
  .text              ro code  0x08002dc4    0x3a  DblToS32.o [4]
  .text              ro code  0x08002e00    0x22  S32ToDbl.o [4]
  .text              ro code  0x08002e24    0xe2  DblSub.o [4]
  .text              ro code  0x08002f08   0x246  DblDiv.o [4]
  .text              ro code  0x08003150    0x28  DblToU32.o [4]
  .text              ro code  0x08003178    0x1a  U32ToDbl.o [4]
  .text              ro code  0x08003194     0x2  I64DivZer.o [5]
  .text              ro code  0x08003198   0x178  DblAdd.o [4]
  .text              ro code  0x08003310   0x72e  stm32f1xx_hal_i2c.o [1]
  .text              ro code  0x08003a40   0x178  i2c.o [1]
  .text              ro code  0x08003bb8   0x4c6  stm32f1xx_hal_rcc.o [1]
  .text              ro code  0x08004080     0xc  stm32f1xx_hal.o [1]
  .text              ro code  0x0800408c   0x1e8  main.o [1]
  .text              ro code  0x08004274   0x294  stm32f1xx_hal_gpio.o [1]
  .text              ro code  0x08004508     0x4  heaptramp0.o [3]
  .text              ro code  0x0800450c    0x18  stm32f1xx_hal.o [1]
  .text              ro code  0x08004524    0x24  stm32f1xx_hal.o [1]
  .text              ro code  0x08004548    0x24  stm32f1xx_hal.o [1]
  .text              ro code  0x0800456c    0x7c  gpio.o [1]
  .text              ro code  0x080045e8   0x568  usart.o [1]
  .text              ro code  0x08004b50   0x298  tim.o [1]
  .text              ro code  0x08004de8   0x2a8  mpu9250.o [1]
  .text              ro code  0x08005090    0xe4  stm32f1xx_hal_cortex.o [1]
  .text              ro code  0x08005174   0x2d0  control.o [1]
  .text              ro code  0x08005444    0xe2  FltAdd.o [4]
  .text              ro code  0x08005528    0x24  FltCmpGe.o [4]
  .text              ro code  0x0800554c    0x24  FltCmpLe.o [4]
  .text              ro code  0x08005570    0x88  stm32f1xx_hal_msp.o [1]
  .text              ro code  0x080055f8   0x4dc  stm32f1xx_hal_uart.o [1]
  .text              ro code  0x08005ad4    0x3c  vsnprint.o [3]
  .text              ro code  0x08005b10    0x48  FltToDbl.o [4]
  .text              ro code  0x08005b58   0x3cc  stm32f1xx_hal_tim.o [1]
  .text              ro code  0x08005f24    0x4c  stm32f1xx_hal_tim_ex.o [1]
  .text              ro code  0x08005f70    0x1a  mpu9250.o [1]
  .text              ro code  0x08005f8a     0xc  mpu9250.o [1]
  .text              ro code  0x08005f98   0x112  atan2_64.o [4]
  .text              ro code  0x080060ac    0x24  S32ToFlt.o [4]
  .text              ro code  0x080060d0    0xd8  FltMul.o [4]
  .text              ro code  0x080061a8    0x68  DblToFlt.o [4]
  .text              ro code  0x08006210    0x80  FltSub.o [4]
  .text              ro code  0x08006290    0x2a  FltToS32.o [4]
  .text              ro code  0x080062ba     0x2  stm32f1xx_hal_uart.o [1]
  .text              ro code  0x080062bc     0x2  stm32f1xx_hal_uart.o [1]
  .text              ro code  0x080062c0    0x5c  system_stm32f1xx.o [1]
  .text              ro code  0x08006320   0x250  iar_Atan64.o [4]
  .text              ro code  0x08006570    0x40  zero_init3.o [5]
  .text              ro code  0x080065b0    0x38  packbits_init_single.o [5]
  .text              ro code  0x080065e8    0x34  stm32f1xx_it.o [1]
  .text              ro code  0x0800661c    0x10  stm32f1xx_hal.o [1]
  .text              ro code  0x0800662c    0x28  data_init.o [5]
  .iar.init_table    const    0x08006654    0x20  - Linker created -
  .text              ro code  0x08006674    0x1e  cmain.o [5]
  .text              ro code  0x08006692     0x4  low_level_init.o [3]
  .text              ro code  0x08006696     0x4  exit.o [3]
  .text              ro code  0x0800669c     0xa  cexit.o [5]
  .text              ro code  0x080066a8    0x10  startup_stm32f103xb.o [1]
  .text              ro code  0x080066b8     0xc  cstartup_M.o [5]
  .rodata            const    0x080066c4     0x8  system_stm32f1xx.o [1]
  .rodata            const    0x080066cc     0x6  xlocale_c.o [3]
  .text              ro code  0x080066d2     0x4  startup_stm32f103xb.o [1]
  .text              ro code  0x080066d6     0x4  startup_stm32f103xb.o [1]
  .text              ro code  0x080066da     0x4  startup_stm32f103xb.o [1]
  .text              ro code  0x080066de     0x4  startup_stm32f103xb.o [1]
  .text              ro code  0x080066e2     0x4  startup_stm32f103xb.o [1]
  .text              ro code  0x080066e6     0x4  startup_stm32f103xb.o [1]
  .text              ro code  0x080066ea     0x4  startup_stm32f103xb.o [1]
  .text              ro code  0x080066ee     0x4  startup_stm32f103xb.o [1]
  .text              ro code  0x080066f2     0x4  startup_stm32f103xb.o [1]
  .text              ro code  0x080066f6     0x4  startup_stm32f103xb.o [1]
  .text              ro code  0x080066fa     0x4  startup_stm32f103xb.o [1]
  .text              ro code  0x080066fe     0x4  startup_stm32f103xb.o [1]
  .text              ro code  0x08006702     0x4  startup_stm32f103xb.o [1]
  .text              ro code  0x08006706     0x4  startup_stm32f103xb.o [1]
  .text              ro code  0x0800670a     0x4  startup_stm32f103xb.o [1]
  .text              ro code  0x0800670e     0x4  startup_stm32f103xb.o [1]
  .text              ro code  0x08006712     0x4  startup_stm32f103xb.o [1]
  .text              ro code  0x08006716     0x4  startup_stm32f103xb.o [1]
  .text              ro code  0x0800671a     0x4  startup_stm32f103xb.o [1]
  .text              ro code  0x0800671e     0x4  startup_stm32f103xb.o [1]
  .text              ro code  0x08006722     0x4  startup_stm32f103xb.o [1]
  .text              ro code  0x08006726     0x4  startup_stm32f103xb.o [1]
  .text              ro code  0x0800672a     0x4  startup_stm32f103xb.o [1]
  .text              ro code  0x0800672e     0x4  startup_stm32f103xb.o [1]
  .text              ro code  0x08006732     0x4  startup_stm32f103xb.o [1]
  .text              ro code  0x08006736     0x4  startup_stm32f103xb.o [1]
  .text              ro code  0x0800673a     0x4  startup_stm32f103xb.o [1]
  .text              ro code  0x0800673e     0x4  startup_stm32f103xb.o [1]
  .text              ro code  0x08006742     0x4  startup_stm32f103xb.o [1]
  .text              ro code  0x08006746     0x4  startup_stm32f103xb.o [1]
  .text              ro code  0x0800674a     0x4  startup_stm32f103xb.o [1]
  .text              ro code  0x0800674e     0x4  startup_stm32f103xb.o [1]
  .text              ro code  0x08006752     0x4  startup_stm32f103xb.o [1]
  .text              ro code  0x08006756     0x4  startup_stm32f103xb.o [1]
  .text              ro code  0x0800675a     0x4  startup_stm32f103xb.o [1]
  .text              ro code  0x0800675e     0x4  startup_stm32f103xb.o [1]
  .text              ro code  0x08006762     0x4  startup_stm32f103xb.o [1]
  .text              ro code  0x08006766     0x4  startup_stm32f103xb.o [1]
  .text              ro code  0x0800676a     0x4  startup_stm32f103xb.o [1]
  .text              ro code  0x0800676e     0x4  startup_stm32f103xb.o [1]
  .text              ro code  0x08006772     0x4  startup_stm32f103xb.o [1]
  .rodata            const    0x08006776     0x0  zero_init3.o [5]
  .rodata            const    0x08006776     0x0  packbits_init_single.o [5]
  Initializer bytes  const    0x08006776    0x94  <for P2-1>
                            - 0x0800680a  0x671e

"P2", part 1 of 3:                         0x220
  P2-1                        0x20000000   0x220  <Init block>
    .data            inited   0x20000000    0x74  control.o [1]
    .data            inited   0x20000074    0x2c  control.o [1]
    .data            inited   0x200000a0    0x28  control.o [1]
    .data            inited   0x200000c8     0x4  system_stm32f1xx.o [1]
    .data            inited   0x200000cc    0xd4  usart.o [1]
    .data            inited   0x200001a0    0x38  xlocale_c.o [3]
    .data            inited   0x200001d8    0x48  xlocale_c.o [3]
                            - 0x20000220   0x220

"P2", part 2 of 3:                         0x380
  .bss               zero     0x20000220   0x1d8  dlmalloc.o [3]
  .bss               zero     0x200003f8    0x40  usart.o [1]
  .bss               zero     0x20000438    0x3c  i2c.o [1]
  .bss               zero     0x20000474    0x3c  tim.o [1]
  .bss               zero     0x200004b0    0x3c  tim.o [1]
  .bss               zero     0x200004ec    0x3c  tim.o [1]
  .bss               zero     0x20000528    0x24  mpu9250.o [1]
  .bss               zero     0x2000054c    0x18  dlmalloc.o [3]
  .bss               zero     0x20000564    0x10  mpu9250.o [1]
  .bss               zero     0x20000574     0x8  main.o [1]
  .bss               zero     0x2000057c     0x8  main.o [1]
  .bss               zero     0x20000584     0x4  control.o [1]
  .bss               zero     0x20000588     0x4  control.o [1]
  .bss               zero     0x2000058c     0x4  control.o [1]
  .bss               zero     0x20000590     0x4  stm32f1xx_hal.o [1]
  .bss               zero     0x20000594     0x4  xgetmemchunk.o [3]
  .bss               zero     0x20000598     0x4  xfail_s.o [3]
  .bss               zero     0x2000059c     0x1  control.o [1]
                            - 0x2000059d   0x37d

"P2", part 3 of 3:                         0x600
  CSTACK                      0x200005a0   0x400  <Block>
    CSTACK           uninit   0x200005a0   0x400  <Block tail>
  HEAP                        0x200009a0   0x200  <Block>
    HEAP             uninit   0x200009a0   0x200  <Block tail>
                            - 0x20000ba0   0x600


*******************************************************************************
*** INIT TABLE
***

          Address     Size
          -------     ----
Zero (__iar_zero_init3)
    1 destination range, total size 0x37d:
          0x20000220  0x37d

Copy/packbits (__iar_packbits_init_single3)
    1 source range, total size 0x94 (27% of destination):
          0x08006776   0x94
    1 destination range, total size 0x220:
          0x20000000  0x220



*******************************************************************************
*** MODULE SUMMARY
***

    Module                  ro code  ro data  rw data
    ------                  -------  -------  -------
C:\Users\bread\Desktop\robot\dh\EWARM\encoder\Obj: [1]
    control.o                   720       54      213
    gpio.o                      124
    i2c.o                       376                60
    main.o                      488                16
    mpu9250.o                   718                52
    startup_stm32f103xb.o       416
    stm32f1xx_hal.o             124                 4
    stm32f1xx_hal_cortex.o      228
    stm32f1xx_hal_gpio.o        660
    stm32f1xx_hal_i2c.o       1 838
    stm32f1xx_hal_msp.o         136
    stm32f1xx_hal_rcc.o       1 222
    stm32f1xx_hal_tim.o         972
    stm32f1xx_hal_tim_ex.o       76
    stm32f1xx_hal_uart.o      1 248
    stm32f1xx_it.o               52
    system_stm32f1xx.o           92        9        4
    tim.o                       664               180
    usart.o                   1 384       58      276
    -------------------------------------------------
    Total:                   11 538      121      805

command line: [2]
    -------------------------------------------------
    Total:

dl7M_tlf.a: [3]
    abort.o                       6
    dlmalloc.o                5 332               496
    exit.o                        4
    heaptramp0.o                  4
    low_level_init.o              4
    vsnprint.o                   60
    xencoding_8859_1.o           30
    xfail_s.o                    64                 4
    xgetmemchunk.o               44                 4
    xlocale_c.o                 116       41      128
    xmbcurmax.o                  10
    xprintffull.o             3 990
    xsnprout.o                   26
    -------------------------------------------------
    Total:                    9 690       41      632

m7M_tl.a: [4]
    DblAdd.o                    376
    DblCmpGe.o                   46
    DblCmpLe.o                   46
    DblDiv.o                    582
    DblMul.o                    418
    DblSub.o                    226
    DblToFlt.o                  104
    DblToS32.o                   58
    DblToU32.o                   40
    FltAdd.o                    226
    FltCmpGe.o                   36
    FltCmpLe.o                   36
    FltMul.o                    216
    FltSub.o                    128
    FltToDbl.o                   72
    FltToS32.o                   42
    S32ToDbl.o                   34
    S32ToFlt.o                   36
    U32ToDbl.o                   26
    atan2_64.o                  274
    frexp.o                     112
    iar_Atan64.o                592
    ldexp.o                     314
    -------------------------------------------------
    Total:                    4 040

rt7M_tl.a: [5]
    ABImemcpy.o                 166
    I64DivMod.o                 558
    I64DivZer.o                   2
    cexit.o                      10
    cmain.o                      30
    cstartup_M.o                 12
    data_init.o                  40
    memchr.o                     88
    packbits_init_single.o       56
    strchr.o                     22
    strlen.o                     54
    zero_init3.o                 64
    -------------------------------------------------
    Total:                    1 102

shb_l.a: [6]
    exit.o                       20
    -------------------------------------------------
    Total:                       20

    Gaps                         50
    Linker created                        32    1 536
-----------------------------------------------------
    Grand Total:             26 440      194    2 973


*******************************************************************************
*** ENTRY LIST
***

Entry                      Address   Size  Type      Object
-----                      -------   ----  ----      ------
.iar.init_table$$Base   0x08006654          --   Gb  - Linker created -
.iar.init_table$$Limit  0x08006674          --   Gb  - Linker created -
?main                   0x08006675         Code  Gb  cmain.o [5]
AHBPrescTable           0x0800630c   0x10  Data  Gb  system_stm32f1xx.o [1]
APBPrescTable           0x080066c4    0x8  Data  Gb  system_stm32f1xx.o [1]
BusFault_Handler        0x080065ef    0x2  Code  Gb  stm32f1xx_it.o [1]
CSTACK$$Base            0x200005a0          --   Gb  - Linker created -
CSTACK$$Limit           0x200009a0          --   Gb  - Linker created -
CacheMore               0x080025d9   0x24  Code  Lc  xlocale_c.o [3]
DebugMon_Handler        0x080065f5    0x2  Code  Gb  stm32f1xx_it.o [1]
Delay_Us                0x08004edd   0x12  Code  Gb  mpu9250.o [1]
HAL_Delay               0x0800450d   0x18  Code  Wk  stm32f1xx_hal.o [1]
HAL_GPIO_DeInit         0x080043f7   0xd0  Code  Gb  stm32f1xx_hal_gpio.o [1]
HAL_GPIO_Init           0x08004275  0x182  Code  Gb  stm32f1xx_hal_gpio.o [1]
HAL_GPIO_WritePin       0x080044c7    0xc  Code  Gb  stm32f1xx_hal_gpio.o [1]
HAL_GetTick             0x08004081    0xc  Code  Wk  stm32f1xx_hal.o [1]
HAL_I2C_Init            0x08003311   0xd0  Code  Gb  stm32f1xx_hal_i2c.o [1]
HAL_I2C_Master_Receive  0x080034c7   0xe8  Code  Gb  stm32f1xx_hal_i2c.o [1]
HAL_I2C_Master_Transmit
                        0x080033e1   0xda  Code  Gb  stm32f1xx_hal_i2c.o [1]
HAL_I2C_MspDeInit       0x08003ab3   0x1e  Code  Gb  i2c.o [1]
HAL_I2C_MspInit         0x08003a79   0x3a  Code  Gb  i2c.o [1]
HAL_IncTick             0x0800661d   0x10  Code  Wk  stm32f1xx_hal.o [1]
HAL_Init                0x08004549   0x20  Code  Gb  stm32f1xx_hal.o [1]
HAL_InitTick            0x08004525   0x24  Code  Wk  stm32f1xx_hal.o [1]
HAL_MspInit             0x08005571   0x88  Code  Gb  stm32f1xx_hal_msp.o [1]
HAL_NVIC_EnableIRQ      0x08005103    0xa  Code  Gb  stm32f1xx_hal_cortex.o [1]
HAL_NVIC_SetPriority    0x080050c9   0x3a  Code  Gb  stm32f1xx_hal_cortex.o [1]
HAL_NVIC_SetPriorityGrouping
                        0x080050af   0x1a  Code  Gb  stm32f1xx_hal_cortex.o [1]
HAL_RCC_ClockConfig     0x08003ead  0x110  Code  Gb  stm32f1xx_hal_rcc.o [1]
HAL_RCC_GetHCLKFreq     0x08004015    0x6  Code  Gb  stm32f1xx_hal_rcc.o [1]
HAL_RCC_GetPCLK1Freq    0x0800401b   0x10  Code  Gb  stm32f1xx_hal_rcc.o [1]
HAL_RCC_GetPCLK2Freq    0x0800402b    0xe  Code  Gb  stm32f1xx_hal_rcc.o [1]
HAL_RCC_GetSysClockFreq
                        0x08003fdd   0x38  Code  Gb  stm32f1xx_hal_rcc.o [1]
HAL_RCC_GetSysClockFreq::aPLLMULFactorTable
                        0x0800406c   0x10  Data  Lc  stm32f1xx_hal_rcc.o [1]
HAL_RCC_GetSysClockFreq::aPredivFactorTable
                        0x0800407c    0x2  Data  Lc  stm32f1xx_hal_rcc.o [1]
HAL_RCC_OscConfig       0x08003bb9  0x2ce  Code  Gb  stm32f1xx_hal_rcc.o [1]
HAL_SYSTICK_CLKSourceConfig
                        0x0800513f   0x1a  Code  Gb  stm32f1xx_hal_cortex.o [1]
HAL_SYSTICK_Callback    0x080041c5   0x80  Code  Gb  main.o [1]
HAL_SYSTICK_Callback::time_1ms_cnt
                        0x2000057c    0x4  Data  Lc  main.o [1]
HAL_SYSTICK_Callback::time_50ms_cnt
                        0x20000580    0x4  Data  Lc  main.o [1]
HAL_SYSTICK_Config      0x08005117   0x28  Code  Gb  stm32f1xx_hal_cortex.o [1]
HAL_SYSTICK_IRQHandler  0x08005171    0x4  Code  Gb  stm32f1xx_hal_cortex.o [1]
HAL_TIMEx_MasterConfigSynchronization
                        0x08005f25   0x4a  Code  Gb  stm32f1xx_hal_tim_ex.o [1]
HAL_TIM_Encoder_Init    0x08005bcb   0x88  Code  Gb  stm32f1xx_hal_tim.o [1]
HAL_TIM_Encoder_MspInit
                        0x08004cad   0x56  Code  Gb  tim.o [1]
HAL_TIM_Encoder_Start   0x08005c5d   0x20  Code  Gb  stm32f1xx_hal_tim.o [1]
HAL_TIM_MspPostInit     0x08004d3d   0x4c  Code  Gb  tim.o [1]
HAL_TIM_PWM_ConfigChannel
                        0x08005c87   0xc0  Code  Gb  stm32f1xx_hal_tim.o [1]
HAL_TIM_PWM_Init        0x08005b6d   0x1a  Code  Gb  stm32f1xx_hal_tim.o [1]
HAL_TIM_PWM_MspInit     0x08004d03   0x3a  Code  Gb  tim.o [1]
HAL_TIM_PWM_Start       0x08005b87    0x2  Code  Gb  stm32f1xx_hal_tim.o [1]
HAL_UART_IRQHandler     0x08005795  0x11e  Code  Gb  stm32f1xx_hal_uart.o [1]
HAL_UART_Init           0x080055f9   0x1e  Code  Gb  stm32f1xx_hal_uart.o [1]
HAL_UART_MspInit        0x08004699   0x80  Code  Gb  usart.o [1]
HAL_UART_Receive_IT     0x0800572d   0x62  Code  Gb  stm32f1xx_hal_uart.o [1]
HAL_UART_RxCpltCallback
                        0x08004779  0x2e8  Code  Gb  usart.o [1]
HAL_UART_RxCpltCallback::state
                        0x200000e6    0x1  Data  Lc  usart.o [1]
HAL_UART_RxCpltCallback::stick_1
                        0x200000e8    0x2  Data  Lc  usart.o [1]
HAL_UART_RxCpltCallback::stick_2
                        0x200000ea    0x2  Data  Lc  usart.o [1]
HAL_UART_Transmit       0x0800566f   0x96  Code  Gb  stm32f1xx_hal_uart.o [1]
HEAP$$Base              0x200009a0          --   Gb  - Linker created -
HEAP$$Limit             0x20000ba0          --   Gb  - Linker created -
HardFault_Handler       0x080065eb    0x2  Code  Gb  stm32f1xx_it.o [1]
I2C_Error_Check         0x08005f8b    0xc  Code  Gb  mpu9250.o [1]
I2C_IsAcknowledgeFailed
                        0x08003a19   0x26  Code  Lc  stm32f1xx_hal_i2c.o [1]
I2C_MasterRequestRead   0x0800378f   0xa0  Code  Lc  stm32f1xx_hal_i2c.o [1]
I2C_MasterRequestWrite  0x0800372f   0x5e  Code  Lc  stm32f1xx_hal_i2c.o [1]
I2C_Read_Buffer         0x08003ad1   0x32  Code  Gb  i2c.o [1]
I2C_Reset               0x08003b43   0x36  Code  Gb  i2c.o [1]
I2C_WaitOnFlagUntilTimeout
                        0x08003865   0x7c  Code  Lc  stm32f1xx_hal_i2c.o [1]
I2C_WaitOnMasterAddressFlagUntilTimeout
                        0x080038f9   0x76  Code  Lc  stm32f1xx_hal_i2c.o [1]
I2C_WaitOnRXNEFlagUntilTimeout
                        0x080039cf   0x3c  Code  Lc  stm32f1xx_hal_i2c.o [1]
I2C_WaitOnTXEFlagUntilTimeout
                        0x0800397b   0x34  Code  Lc  stm32f1xx_hal_i2c.o [1]
I2C_Write_Buffer        0x08003b03   0x40  Code  Gb  i2c.o [1]
KD                      0x20000018    0x8  Data  Gb  control.o [1]
KI                      0x20000010    0x8  Data  Gb  control.o [1]
KP                      0x20000008    0x8  Data  Gb  control.o [1]
LoadInt                 0x08001813   0x7a  Code  Lc  xprintffull.o [3]
MPU9250                 0x20000528   0x24  Data  Gb  mpu9250.o [1]
MPU9250_Init            0x08004eef  0x14a  Code  Gb  mpu9250.o [1]
MPU9250_Setting         0x20000564   0x10  Data  Gb  mpu9250.o [1]
MPU_Read6500            0x08004e05   0x56  Code  Gb  mpu9250.o [1]
MPU_ReadM_Mag           0x08004e85   0x58  Code  Gb  mpu9250.o [1]
MX_GPIO_Init            0x0800456d   0x7c  Code  Gb  gpio.o [1]
MX_I2C2_Init            0x08003a41   0x38  Code  Gb  i2c.o [1]
MX_TIM2_Init            0x08004b5b   0x28  Code  Gb  tim.o [1]
MX_TIM3_Init            0x08004b83   0x8a  Code  Gb  tim.o [1]
MX_TIM4_Init            0x08004c4d   0x24  Code  Gb  tim.o [1]
MX_USART1_UART_Init     0x080045e9   0x5a  Code  Gb  usart.o [1]
MX_USART2_UART_Init     0x08004643   0x56  Code  Gb  usart.o [1]
MemManage_Handler       0x080065ed    0x2  Code  Gb  stm32f1xx_it.o [1]
NMI_Handler             0x080065e9    0x2  Code  Gb  stm32f1xx_it.o [1]
NVIC_SetPriority        0x08005091   0x1e  Code  Lc  stm32f1xx_hal_cortex.o [1]
PID                     0x20000020    0x8  Data  Gb  control.o [1]
PID_ENABLE              0x2000059c    0x1  Data  Gb  control.o [1]
PendSV_Handler          0x080065f7    0x2  Code  Gb  stm32f1xx_it.o [1]
Region$$Table$$Base     0x08006654          --   Gb  - Linker created -
Region$$Table$$Limit    0x08006674          --   Gb  - Linker created -
SVC_Handler             0x080065f3    0x2  Code  Gb  stm32f1xx_it.o [1]
SysTick_Handler         0x080065f9    0xe  Code  Gb  stm32f1xx_it.o [1]
SystemClock_Config      0x08004153   0x72  Code  Gb  main.o [1]
SystemCoreClock         0x200000c8    0x4  Data  Gb  system_stm32f1xx.o [1]
SystemInit              0x080062c1   0x3a  Code  Gb  system_stm32f1xx.o [1]
TIM_Base_SetConfig      0x08005d79   0x56  Code  Gb  stm32f1xx_hal_tim.o [1]
TIM_CCxChannelCmd       0x08005f0d   0x12  Code  Gb  stm32f1xx_hal_tim.o [1]
TIM_OC1_SetConfig       0x08005dcf   0x44  Code  Lc  stm32f1xx_hal_tim.o [1]
TIM_OC2_SetConfig       0x08005e13   0x52  Code  Gb  stm32f1xx_hal_tim.o [1]
TIM_OC3_SetConfig       0x08005e65   0x4a  Code  Lc  stm32f1xx_hal_tim.o [1]
TIM_OC4_SetConfig       0x08005ebb   0x40  Code  Lc  stm32f1xx_hal_tim.o [1]
UART_Receive_IT         0x08005945   0xaa  Code  Lc  stm32f1xx_hal_uart.o [1]
UART_SetConfig          0x080059ef   0xde  Code  Lc  stm32f1xx_hal_uart.o [1]
UART_WaitOnFlagUntilTimeout
                        0x080058b3   0x92  Code  Lc  stm32f1xx_hal_uart.o [1]
USART1_IRQHandler       0x08006607    0x6  Code  Gb  stm32f1xx_it.o [1]
USART2_IRQHandler       0x0800660d    0x6  Code  Gb  stm32f1xx_it.o [1]
UsageFault_Handler      0x080065f1    0x2  Code  Gb  stm32f1xx_it.o [1]
_Encoding_8859_1_Mbrlen
                        0x080015d9    0x2  Code  Gb  xencoding_8859_1.o [3]
_Encoding_8859_1_Wctomb
                        0x080015c7   0x12  Code  Gb  xencoding_8859_1.o [3]
_Error_Handler          0x08004265    0x2  Code  Gb  main.o [1]
_GenldFull              0x08002295  0x274  Code  Lc  xprintffull.o [3]
_LdtobFull              0x08001e69  0x3fe  Code  Lc  xprintffull.o [3]
_LitobFull              0x08001d11  0x112  Code  Lc  xprintffull.o [3]
_Locale_lconv           0x200001a0   0x38  Data  Lc  xlocale_c.o [3]
_PrintfFull             0x08001625  0x1d6  Code  Gb  xprintffull.o [3]
_PutcharsFull           0x08002509   0x2e  Code  Lc  xprintffull.o [3]
_PutfldFull             0x0800188d  0x2d0  Code  Lc  xprintffull.o [3]
_PutstrFull             0x08001c53   0xbe  Code  Lc  xprintffull.o [3]
_PuttxtFull             0x08001b5d   0xf6  Code  Lc  xprintffull.o [3]
_SNProut                0x080025bb   0x1a  Code  Gb  xsnprout.o [3]
__aeabi_cdcmple         0x08002c29         Code  Gb  DblCmpLe.o [4]
__aeabi_cdrcmple        0x08002c59         Code  Gb  DblCmpGe.o [4]
__aeabi_cfcmple         0x0800554d         Code  Gb  FltCmpLe.o [4]
__aeabi_cfrcmple        0x08005529         Code  Gb  FltCmpGe.o [4]
__aeabi_d2f             0x080061a9         Code  Gb  DblToFlt.o [4]
__aeabi_d2iz            0x08002dc5         Code  Gb  DblToS32.o [4]
__aeabi_d2uiz           0x08003151         Code  Gb  DblToU32.o [4]
__aeabi_dadd            0x08003199         Code  Gb  DblAdd.o [4]
__aeabi_ddiv            0x08002f09         Code  Gb  DblDiv.o [4]
__aeabi_dmul            0x08002a15         Code  Gb  DblMul.o [4]
__aeabi_dsub            0x08002e25         Code  Gb  DblSub.o [4]
__aeabi_f2d             0x08005b11         Code  Gb  FltToDbl.o [4]
__aeabi_f2iz            0x08006291         Code  Gb  FltToS32.o [4]
__aeabi_fadd            0x08005445         Code  Gb  FltAdd.o [4]
__aeabi_fmul            0x080060d1         Code  Gb  FltMul.o [4]
__aeabi_fsub            0x08006211         Code  Gb  FltSub.o [4]
__aeabi_i2d             0x08002e01         Code  Gb  S32ToDbl.o [4]
__aeabi_i2f             0x080060ad         Code  Gb  S32ToFlt.o [4]
__aeabi_ldiv0           0x08003195         Code  Gb  I64DivZer.o [5]
__aeabi_memcpy          0x0800273d         Code  Gb  ABImemcpy.o [5]
__aeabi_memcpy4         0x0800275d         Code  Gb  ABImemcpy.o [5]
__aeabi_memcpy8         0x0800275d         Code  Gb  ABImemcpy.o [5]
__aeabi_ui2d            0x08003179         Code  Gb  U32ToDbl.o [4]
__aeabi_uldivmod        0x080027e5         Code  Gb  I64DivMod.o [5]
__cmain                 0x08006675         Code  Gb  cmain.o [5]
__data_GetMemChunk      0x080015e5   0x2c  Code  Gb  xgetmemchunk.o [3]
__data_GetMemChunk::start
                        0x20000594    0x4  Data  Lc  xgetmemchunk.o [3]
__exit                  0x08001611   0x14  Code  Gb  exit.o [6]
__iar_Atan64            0x08006321  0x1b6  Code  Gb  iar_Atan64.o [4]
__iar_Fail_s            0x08002661   0x1c  Code  Gb  xfail_s.o [3]
__iar_Mbcurmax          0x08002731    0xa  Code  Gb  xmbcurmax.o [3]
__iar_Memchr            0x080026d9         Code  Gb  memchr.o [5]
__iar_Strchr            0x08002649         Code  Gb  strchr.o [5]
__iar_atan2_64          0x08005f99  0x106  Code  Gb  atan2_64.o [4]
__iar_dadd              0x08002e35         Code  Gb  DblSub.o [4]
__iar_data_init3        0x0800662d   0x28  Code  Gb  data_init.o [5]
__iar_dlfree            0x080010c7  0x4f6  Code  Gb  dlmalloc.o [3]
__iar_dlmalloc          0x08000e11  0x2b6  Code  Gb  dlmalloc.o [3]
__iar_dsub              0x080031a9         Code  Gb  DblAdd.o [4]
__iar_dsubStart         0x080031bb         Code  Gb  DblAdd.o [4]
__iar_fadd              0x0800621d         Code  Gb  FltSub.o [4]
__iar_frexp             0x08002bc5         Code  Gb  frexp.o [4]
__iar_frexp64           0x08002bb9         Code  Gb  frexp.o [4]
__iar_frexpl            0x08002bc5         Code  Gb  frexp.o [4]
__iar_fsub              0x08005451         Code  Gb  FltAdd.o [4]
__iar_fsubStart         0x08005461         Code  Gb  FltAdd.o [4]
__iar_globLocale        0x200001d8   0x48  Data  Lc  xlocale_c.o [3]
__iar_global_Locale     0x080025d5    0x4  Code  Gb  xlocale_c.o [3]
__iar_ldexp64           0x08002c89         Code  Gb  ldexp.o [4]
__iar_packbits_init_single3
                        0x080065b1   0x38  Code  Gb  packbits_init_single.o [5]
__iar_program_start     0x080066b9         Code  Gb  cstartup_M.o [5]
__iar_scalbln64         0x08002c89         Code  Gb  ldexp.o [4]
__iar_scalbn64          0x08002c89         Code  Gb  ldexp.o [4]
__iar_systems$$module {Abs}
                        0x00000001         Data  Gb  command line/config [2]
__iar_zero_init3        0x08006571   0x40  Code  Gb  zero_init3.o [5]
__low_level_init        0x08006693    0x4  Code  Gb  low_level_init.o [3]
__vector_table          0x08000000         Data  Gb  startup_stm32f103xb.o [1]
_call_main              0x08006681         Code  Gb  cmain.o [5]
_exit                   0x0800669d         Code  Gb  cexit.o [5]
_gLocale_mblen          0x08002635    0x4  Code  Gb  xlocale_c.o [3]
_gLocale_mblenInt       0x080025fd   0x34  Code  Gb  xlocale_c.o [3]
_gLocale_wctomb         0x08002639    0x4  Code  Gb  xlocale_c.o [3]
_gLocale_wctombInt      0x08002631    0x4  Code  Gb  xlocale_c.o [3]
_gm_                    0x20000220  0x1d8  Data  Lc  dlmalloc.o [3]
_main                   0x0800668f         Code  Gb  cmain.o [5]
a                       0x08006530   0x40  Data  Lc  iar_Atan64.o [4]
abort                   0x080015c1    0x6  Code  Gb  abort.o [3]
ac                      0x20000098    0x8  Data  Gb  control.o [1]
accu_angle              0x20000028    0x4  Data  Gb  control.o [1]
add_segment             0x080004b1  0x1f2  Code  Lc  dlmalloc.o [3]
angle                   0x2000002c    0x4  Data  Gb  control.o [1]
angle_error             0x20000068    0x4  Data  Gb  control.o [1]
angle_speed             0x20000064    0x4  Data  Gb  control.o [1]
angle_speedPID          0x20000058    0x4  Data  Gb  control.o [1]
angle_speedacc          0x2000058c    0x4  Data  Gb  control.o [1]
angleset                0x2000004c    0x4  Data  Gb  control.o [1]
atan2                   0x08005f99  0x106  Code  Gb  atan2_64.o [4]
atan2l                  0x08005f99  0x106  Code  Gb  atan2_64.o [4]
autostate               0x2000006c    0x4  Data  Gb  control.o [1]
buffer1_rx_temp         0x200000e5    0x1  Data  Gb  usart.o [1]
buffer_rx_temp          0x200000e4    0x1  Data  Gb  usart.o [1]
calangle                0x20000584    0x4  Data  Gb  control.o [1]
counter                 0x20000588    0x4  Data  Gb  control.o [1]
direction_enable        0x20000054    0x4  Data  Gb  control.o [1]
exit                    0x08006697    0x4  Code  Gb  exit.o [3]
free                    0x08004509    0x4  Code  Gb  heaptramp0.o [3]
frexp                   0x08002bb9         Code  Gb  frexp.o [4]
frexpl                  0x08002bb9         Code  Gb  frexp.o [4]
gy                      0x20000000    0x8  Data  Gb  control.o [1]
gy_control              0x08005279   0xbc  Code  Gb  control.o [1]
gy_enable               0x20000050    0x4  Data  Gb  control.o [1]
gy_get                  0x08005257   0x22  Code  Gb  control.o [1]
gz3                     0x20000060    0x4  Data  Gb  control.o [1]
hi2c2                   0x20000438   0x3c  Data  Gb  i2c.o [1]
htim2                   0x20000474   0x3c  Data  Gb  tim.o [1]
htim3                   0x200004b0   0x3c  Data  Gb  tim.o [1]
htim4                   0x200004ec   0x3c  Data  Gb  tim.o [1]
huart1                  0x200000ec   0x40  Data  Gb  usart.o [1]
huart2                  0x200003f8   0x40  Data  Gb  usart.o [1]
init_mparams            0x0800010b   0x32  Code  Lc  dlmalloc.o [3]
init_top                0x0800013d   0x32  Code  Lc  dlmalloc.o [3]
initleftspeedset        0x20000134    0x4  Data  Gb  usart.o [1]
initrightspeedset       0x20000130    0x4  Data  Gb  usart.o [1]
last_angle              0x20000030    0x4  Data  Gb  control.o [1]
last_angle_speed        0x2000005c    0x4  Data  Gb  control.o [1]
laststate               0x20000070    0x4  Data  Gb  control.o [1]
ldexp                   0x08002c89         Code  Gb  ldexp.o [4]
ldexpl                  0x08002c89         Code  Gb  ldexp.o [4]
leftmaichong            0x20000044    0x4  Data  Gb  control.o [1]
leftspeed               0x20000034    0x4  Data  Gb  control.o [1]
leftspeederroracc       0x200000ac    0x4  Data  Gb  control.o [1]
leftspeederrorlast      0x200000b0    0x4  Data  Gb  control.o [1]
leftspeedkd             0x200000a8    0x4  Data  Gb  control.o [1]
leftspeedki             0x200000a4    0x4  Data  Gb  control.o [1]
leftspeedkp             0x200000a0    0x4  Data  Gb  control.o [1]
leftspeedset            0x2000003c    0x4  Data  Gb  control.o [1]
localeconv              0x0800263d    0x4  Code  Gb  xlocale_c.o [3]
mag                     0x20000074    0x8  Data  Gb  control.o [1]
main                    0x0800408d   0x38  Code  Gb  main.o [1]
max_x                   0x2000007c    0x4  Data  Gb  control.o [1]
max_y                   0x20000080    0x4  Data  Gb  control.o [1]
megnet                  0x08005175   0xe2  Code  Gb  control.o [1]
memchr                  0x080026d9         Code  Gb  memchr.o [5]
mid_x                   0x2000008c    0x4  Data  Gb  control.o [1]
mid_y                   0x20000090    0x4  Data  Gb  control.o [1]
min_x                   0x20000084    0x4  Data  Gb  control.o [1]
min_y                   0x20000088    0x4  Data  Gb  control.o [1]
mparams                 0x2000054c   0x18  Data  Lc  dlmalloc.o [3]
mpu_error_deal          0x08005f71   0x1a  Code  Gb  mpu9250.o [1]
mpu_write_byte          0x08004de9   0x1c  Code  Lc  mpu9250.o [1]
prepend_alloc           0x0800016f  0x342  Code  Lc  dlmalloc.o [3]
pulseleft               0x20000574    0x4  Data  Gb  main.o [1]
pulseright              0x20000578    0x4  Data  Gb  main.o [1]
pwm_control             0x080040dd   0x76  Code  Gb  main.o [1]
pwm_init                0x080040c5   0x18  Code  Gb  main.o [1]
rightmaichong           0x20000048    0x4  Data  Gb  control.o [1]
rightspeed              0x20000038    0x4  Data  Gb  control.o [1]
rightspeederroracc      0x200000c0    0x4  Data  Gb  control.o [1]
rightspeederrorlast     0x200000c4    0x4  Data  Gb  control.o [1]
rightspeedkd            0x200000bc    0x4  Data  Gb  control.o [1]
rightspeedki            0x200000b8    0x4  Data  Gb  control.o [1]
rightspeedkp            0x200000b4    0x4  Data  Gb  control.o [1]
rightspeedset           0x20000040    0x4  Data  Gb  control.o [1]
s                       0x200000cc   0x18  Data  Gb  usart.o [1]
scalbln                 0x08002c89         Code  Gb  ldexp.o [4]
scalblnl                0x08002c89         Code  Gb  ldexp.o [4]
scalbn                  0x08002c89         Code  Gb  ldexp.o [4]
scalbnl                 0x08002c89         Code  Gb  ldexp.o [4]
scale                   0x08001e23   0x46  Code  Lc  xprintffull.o [3]
sec_hand                0x20000598    0x4  Data  Lc  xfail_s.o [3]
segment_holding         0x080000ed   0x1e  Code  Lc  dlmalloc.o [3]
speed_control           0x08005335   0xbe  Code  Gb  control.o [1]
strchr                  0x08002649         Code  Gb  strchr.o [5]
strlen                  0x080026a1         Code  Gb  strlen.o [5]
sys_alloc               0x080006a9  0x164  Code  Lc  dlmalloc.o [3]
sys_trim                0x0800080d   0x66  Code  Lc  dlmalloc.o [3]
target                  0x20000094    0x4  Data  Gb  control.o [1]
timecounter             0x2000012c    0x4  Data  Gb  usart.o [1]
tmalloc_large           0x08000881  0x384  Code  Lc  dlmalloc.o [3]
tmalloc_small           0x08000c05  0x1fe  Code  Lc  dlmalloc.o [3]
uart_buffer             0x20000138   0x68  Data  Gb  usart.o [1]
uprintf                 0x0800473b   0x12  Code  Gb  usart.o [1]
uwTick                  0x20000590    0x4  Data  Lc  stm32f1xx_hal.o [1]
vsnprintf               0x08005ad5   0x3c  Code  Gb  vsnprint.o [3]


[1] = C:\Users\bread\Desktop\robot\dh\EWARM\encoder\Obj
[2] = command line
[3] = dl7M_tlf.a
[4] = m7M_tl.a
[5] = rt7M_tl.a
[6] = shb_l.a

  26 440 bytes of readonly  code memory
     194 bytes of readonly  data memory
   2 973 bytes of readwrite data memory

Errors: none
Warnings: none
