###############################################################################
#
# IAR ELF Linker V8.22.1.15669/W32 for ARM                12/Aug/2018  23:38:34
# Copyright 2007-2018 IAR Systems AB.
#
#    Output file  =  
#        C:\Users\bread\Desktop\robot\dh\EWARM\encoder\Exe\encoder.out
#    Map file     =  
#        C:\Users\bread\Desktop\robot\dh\EWARM\encoder\List\encoder.map
#    Command line =  
#        -f C:\Users\bread\AppData\Local\Temp\EW1A80.tmp
#        (C:\Users\bread\Desktop\robot\dh\EWARM\encoder\Obj\control.o
#        C:\Users\bread\Desktop\robot\dh\EWARM\encoder\Obj\gpio.o
#        C:\Users\bread\Desktop\robot\dh\EWARM\encoder\Obj\i2c.o
#        C:\Users\bread\Desktop\robot\dh\EWARM\encoder\Obj\main.o
#        C:\Users\bread\Desktop\robot\dh\EWARM\encoder\Obj\mpu9250.o
#        C:\Users\bread\Desktop\robot\dh\EWARM\encoder\Obj\startup_stm32f103xb.o
#        C:\Users\bread\Desktop\robot\dh\EWARM\encoder\Obj\stm32f1xx_hal.o
#        C:\Users\bread\Desktop\robot\dh\EWARM\encoder\Obj\stm32f1xx_hal_cortex.o
#        C:\Users\bread\Desktop\robot\dh\EWARM\encoder\Obj\stm32f1xx_hal_dma.o
#        C:\Users\bread\Desktop\robot\dh\EWARM\encoder\Obj\stm32f1xx_hal_flash.o
#        C:\Users\bread\Desktop\robot\dh\EWARM\encoder\Obj\stm32f1xx_hal_flash_ex.o
#        C:\Users\bread\Desktop\robot\dh\EWARM\encoder\Obj\stm32f1xx_hal_gpio.o
#        C:\Users\bread\Desktop\robot\dh\EWARM\encoder\Obj\stm32f1xx_hal_gpio_ex.o
#        C:\Users\bread\Desktop\robot\dh\EWARM\encoder\Obj\stm32f1xx_hal_i2c.o
#        C:\Users\bread\Desktop\robot\dh\EWARM\encoder\Obj\stm32f1xx_hal_msp.o
#        C:\Users\bread\Desktop\robot\dh\EWARM\encoder\Obj\stm32f1xx_hal_pwr.o
#        C:\Users\bread\Desktop\robot\dh\EWARM\encoder\Obj\stm32f1xx_hal_rcc.o
#        C:\Users\bread\Desktop\robot\dh\EWARM\encoder\Obj\stm32f1xx_hal_rcc_ex.o
#        C:\Users\bread\Desktop\robot\dh\EWARM\encoder\Obj\stm32f1xx_hal_tim.o
#        C:\Users\bread\Desktop\robot\dh\EWARM\encoder\Obj\stm32f1xx_hal_tim_ex.o
#        C:\Users\bread\Desktop\robot\dh\EWARM\encoder\Obj\stm32f1xx_hal_uart.o
#        C:\Users\bread\Desktop\robot\dh\EWARM\encoder\Obj\stm32f1xx_it.o
#        C:\Users\bread\Desktop\robot\dh\EWARM\encoder\Obj\system_stm32f1xx.o
#        C:\Users\bread\Desktop\robot\dh\EWARM\encoder\Obj\tim.o
#        C:\Users\bread\Desktop\robot\dh\EWARM\encoder\Obj\usart.o --redirect
#        _Printf=_PrintfFull --redirect _Scanf=_ScanfFull -o
#        C:\Users\bread\Desktop\robot\dh\EWARM\encoder\Exe\encoder.out --map
#        C:\Users\bread\Desktop\robot\dh\EWARM\encoder\List\encoder.map
#        --config C:\Users\bread\Desktop\robot\dh\EWARM/stm32f103xb_flash.icf
#        --semihosting --entry __iar_program_start --vfe --text_out locale)
#
###############################################################################

*******************************************************************************
*** RUNTIME MODEL ATTRIBUTES
***

CppFlavor       = *
__Heap_Handler  = DLMalloc
__SystemLibrary = DLib
__dlib_version  = 6


*******************************************************************************
*** HEAP SELECTION
***

The advanced heap was selected because the application calls memory
allocation functions outside of system library functions, and there
are calls to deallocation functions in the application.


*******************************************************************************
*** PLACEMENT SUMMARY
***

"A0":  place at 0x08000000 { ro section .intvec };
"P1":  place in [from 0x08000000 to 0x0801ffff] { ro };
define block CSTACK with size = 1K, alignment = 8 { };
define block HEAP with size = 512, alignment = 8 { };
"P2":  place in [from 0x20000000 to 0x20004fff] {
          rw, block CSTACK, block HEAP };
initialize by copy { rw };

  Section            Kind        Address    Size  Object
  -------            ----        -------    ----  ------
"A0":                                       0xec
  .intvec            ro code  0x08000000    0xec  startup_stm32f103xb.o [1]
                            - 0x080000ec    0xec

"P1":                                     0x4616
  .text              ro code  0x080000ec   0xf96  xprintffull.o [3]
  .text              ro code  0x08001082    0x1e  xencoding_8859_1.o [3]
  .text              ro code  0x080010a0    0x74  xlocale_c.o [3]
  .text              ro code  0x08001114    0x16  strchr.o [5]
  .text              ro code  0x0800112a    0x1a  xsnprout.o [3]
  .text              ro code  0x08001144    0x40  xfail_s.o [3]
  .text              ro code  0x08001184    0x36  strlen.o [5]
  .text              ro code  0x080011bc    0x58  memchr.o [5]
  .text              ro code  0x08001214     0xa  xmbcurmax.o [3]
  .text              ro code  0x08001220    0xa6  ABImemcpy.o [5]
  .text              ro code  0x080012c8   0x22e  I64DivMod.o [5]
  .text              ro code  0x080014f8   0x1a2  DblMul.o [4]
  .text              ro code  0x0800169c    0x70  frexp.o [4]
  .text              ro code  0x0800170c    0x2e  DblCmpLe.o [4]
  .text              ro code  0x0800173c    0x2e  DblCmpGe.o [4]
  .text              ro code  0x0800176c   0x13a  ldexp.o [4]
  .text              ro code  0x080018a8    0x3a  DblToS32.o [4]
  .text              ro code  0x080018e4    0x22  S32ToDbl.o [4]
  .text              ro code  0x08001908    0xe2  DblSub.o [4]
  .text              ro code  0x080019ec   0x246  DblDiv.o [4]
  .text              ro code  0x08001c34    0x28  DblToU32.o [4]
  .text              ro code  0x08001c5c    0x1a  U32ToDbl.o [4]
  .text              ro code  0x08001c76     0x6  abort.o [3]
  .text              ro code  0x08001c7c     0x2  I64DivZer.o [5]
  .text              ro code  0x08001c80   0x178  DblAdd.o [4]
  .text              ro code  0x08001df8    0x14  exit.o [6]
  .text              ro code  0x08001e0c   0x4dc  stm32f1xx_hal_uart.o [1]
  .text              ro code  0x080022e8   0x4b4  usart.o [1]
  .text              ro code  0x0800279c     0x2  stm32f1xx_hal_uart.o [1]
  .text              ro code  0x0800279e     0x2  stm32f1xx_hal_uart.o [1]
  .text              ro code  0x080027a0     0xc  stm32f1xx_hal.o [1]
  .text              ro code  0x080027ac   0x4c6  stm32f1xx_hal_rcc.o [1]
  .text              ro code  0x08002c74   0x2b8  main.o [1]
  .text              ro code  0x08002f2c    0xe4  stm32f1xx_hal_cortex.o [1]
  .text              ro code  0x08003010   0x1b8  stm32f1xx_hal_gpio.o [1]
  .text              ro code  0x080031c8    0x3c  vsnprint.o [3]
  .text              ro code  0x08003204    0xe2  FltAdd.o [4]
  .text              ro code  0x080032e8    0x48  FltToDbl.o [4]
  .text              ro code  0x08003330    0x18  stm32f1xx_hal.o [1]
  .text              ro code  0x08003348    0x24  stm32f1xx_hal.o [1]
  .text              ro code  0x0800336c    0x24  stm32f1xx_hal.o [1]
  .text              ro code  0x08003390    0x54  gpio.o [1]
  .text              ro code  0x080033e4   0x278  tim.o [1]
  .text              ro code  0x0800365c    0xb4  i2c.o [1]
  .text              ro code  0x08003710    0x24  S32ToFlt.o [4]
  .text              ro code  0x08003734    0xd8  FltMul.o [4]
  .text              ro code  0x0800380c    0x2a  FltToS32.o [4]
  .text              ro code  0x08003838   0x18c  control.o [1]
  .text              ro code  0x080039c4    0x74  FltSub.o [4]
  .text              ro code  0x08003a38    0x88  stm32f1xx_hal_msp.o [1]
  .text              ro code  0x08003ac0   0x3cc  stm32f1xx_hal_tim.o [1]
  .text              ro code  0x08003e8c    0x4c  stm32f1xx_hal_tim_ex.o [1]
  .text              ro code  0x08003ed8    0xd8  stm32f1xx_hal_i2c.o [1]
  .text              ro code  0x08003fb0    0xd8  mpu9250.o [1]
  .text              ro code  0x08004088   0x112  atan2_64.o [4]
  .text              ro code  0x0800419a     0xc  mpu9250.o [1]
  .text              ro code  0x080041a8    0x5c  system_stm32f1xx.o [1]
  .text              ro code  0x08004208   0x250  iar_Atan64.o [4]
  .text              ro code  0x08004458    0x1a  mpu9250.o [1]
  .text              ro code  0x08004472    0x40  zero_init3.o [5]
  .text              ro code  0x080044b2    0x38  packbits_init_single.o [5]
  .text              ro code  0x080044ec    0x34  stm32f1xx_it.o [1]
  .text              ro code  0x08004520    0x10  stm32f1xx_hal.o [1]
  .text              ro code  0x08004530    0x28  data_init.o [5]
  .iar.init_table    const    0x08004558    0x20  - Linker created -
  .text              ro code  0x08004578    0x1e  cmain.o [5]
  .text              ro code  0x08004596     0x4  low_level_init.o [3]
  .text              ro code  0x0800459a     0x4  exit.o [3]
  .text              ro code  0x080045a0     0xa  cexit.o [5]
  .text              ro code  0x080045ac    0x10  startup_stm32f103xb.o [1]
  .text              ro code  0x080045bc     0xc  cstartup_M.o [5]
  .rodata            const    0x080045c8     0x8  system_stm32f1xx.o [1]
  .rodata            const    0x080045d0     0x6  xlocale_c.o [3]
  .text              ro code  0x080045d6     0x4  startup_stm32f103xb.o [1]
  .text              ro code  0x080045da     0x4  startup_stm32f103xb.o [1]
  .text              ro code  0x080045de     0x4  startup_stm32f103xb.o [1]
  .text              ro code  0x080045e2     0x4  startup_stm32f103xb.o [1]
  .text              ro code  0x080045e6     0x4  startup_stm32f103xb.o [1]
  .text              ro code  0x080045ea     0x4  startup_stm32f103xb.o [1]
  .text              ro code  0x080045ee     0x4  startup_stm32f103xb.o [1]
  .text              ro code  0x080045f2     0x4  startup_stm32f103xb.o [1]
  .text              ro code  0x080045f6     0x4  startup_stm32f103xb.o [1]
  .text              ro code  0x080045fa     0x4  startup_stm32f103xb.o [1]
  .text              ro code  0x080045fe     0x4  startup_stm32f103xb.o [1]
  .text              ro code  0x08004602     0x4  startup_stm32f103xb.o [1]
  .text              ro code  0x08004606     0x4  startup_stm32f103xb.o [1]
  .text              ro code  0x0800460a     0x4  startup_stm32f103xb.o [1]
  .text              ro code  0x0800460e     0x4  startup_stm32f103xb.o [1]
  .text              ro code  0x08004612     0x4  startup_stm32f103xb.o [1]
  .text              ro code  0x08004616     0x4  startup_stm32f103xb.o [1]
  .text              ro code  0x0800461a     0x4  startup_stm32f103xb.o [1]
  .text              ro code  0x0800461e     0x4  startup_stm32f103xb.o [1]
  .text              ro code  0x08004622     0x4  startup_stm32f103xb.o [1]
  .text              ro code  0x08004626     0x4  startup_stm32f103xb.o [1]
  .text              ro code  0x0800462a     0x4  startup_stm32f103xb.o [1]
  .text              ro code  0x0800462e     0x4  startup_stm32f103xb.o [1]
  .text              ro code  0x08004632     0x4  startup_stm32f103xb.o [1]
  .text              ro code  0x08004636     0x4  startup_stm32f103xb.o [1]
  .text              ro code  0x0800463a     0x4  startup_stm32f103xb.o [1]
  .text              ro code  0x0800463e     0x4  startup_stm32f103xb.o [1]
  .text              ro code  0x08004642     0x4  startup_stm32f103xb.o [1]
  .text              ro code  0x08004646     0x4  startup_stm32f103xb.o [1]
  .text              ro code  0x0800464a     0x4  startup_stm32f103xb.o [1]
  .text              ro code  0x0800464e     0x4  startup_stm32f103xb.o [1]
  .text              ro code  0x08004652     0x4  startup_stm32f103xb.o [1]
  .text              ro code  0x08004656     0x4  startup_stm32f103xb.o [1]
  .text              ro code  0x0800465a     0x4  startup_stm32f103xb.o [1]
  .text              ro code  0x0800465e     0x4  startup_stm32f103xb.o [1]
  .text              ro code  0x08004662     0x4  startup_stm32f103xb.o [1]
  .text              ro code  0x08004666     0x4  startup_stm32f103xb.o [1]
  .text              ro code  0x0800466a     0x4  startup_stm32f103xb.o [1]
  .text              ro code  0x0800466e     0x4  startup_stm32f103xb.o [1]
  .text              ro code  0x08004672     0x4  startup_stm32f103xb.o [1]
  .text              ro code  0x08004676     0x4  startup_stm32f103xb.o [1]
  .rodata            const    0x0800467a     0x0  zero_init3.o [5]
  .rodata            const    0x0800467a     0x0  packbits_init_single.o [5]
  Initializer bytes  const    0x0800467a    0x81  <for P2-1>
                            - 0x080046fb  0x460f

"P2", part 1 of 3:                         0x1f8
  P2-1                        0x20000000   0x1f8  <Init block>
    .data            inited   0x20000000    0x68  control.o [1]
    .data            inited   0x20000068    0x40  main.o [1]
    .data            inited   0x200000a8     0x4  system_stm32f1xx.o [1]
    .data            inited   0x200000ac    0xcc  usart.o [1]
    .data            inited   0x20000178    0x38  xlocale_c.o [3]
    .data            inited   0x200001b0    0x48  xlocale_c.o [3]
                            - 0x200001f8   0x1f8

"P2", part 2 of 3:                         0x164
  .bss               zero     0x200001f8    0x40  usart.o [1]
  .bss               zero     0x20000238    0x3c  i2c.o [1]
  .bss               zero     0x20000274    0x3c  tim.o [1]
  .bss               zero     0x200002b0    0x3c  tim.o [1]
  .bss               zero     0x200002ec    0x3c  tim.o [1]
  .bss               zero     0x20000328    0x24  mpu9250.o [1]
  .bss               zero     0x2000034c     0x8  main.o [1]
  .bss               zero     0x20000354     0x4  stm32f1xx_hal.o [1]
  .bss               zero     0x20000358     0x4  xfail_s.o [3]
                            - 0x2000035c   0x164

"P2", part 3 of 3:                         0x400
  CSTACK                      0x20000360   0x400  <Block>
    CSTACK           uninit   0x20000360   0x400  <Block tail>
                            - 0x20000760   0x400


*******************************************************************************
*** INIT TABLE
***

          Address     Size
          -------     ----
Zero (__iar_zero_init3)
    1 destination range, total size 0x164:
          0x200001f8  0x164

Copy/packbits (__iar_packbits_init_single3)
    1 source range, total size 0x81 (25% of destination):
          0x0800467a   0x81
    1 destination range, total size 0x1f8:
          0x20000000  0x1f8



*******************************************************************************
*** MODULE SUMMARY
***

    Module                  ro code  ro data  rw data
    ------                  -------  -------  -------
C:\Users\bread\Desktop\robot\dh\EWARM\encoder\Obj: [1]
    control.o                   396       26      104
    gpio.o                       84
    i2c.o                       180                60
    main.o                      696       17       72
    mpu9250.o                   254                36
    startup_stm32f103xb.o       416
    stm32f1xx_hal.o             124                 4
    stm32f1xx_hal_cortex.o      228
    stm32f1xx_hal_gpio.o        440
    stm32f1xx_hal_i2c.o         216
    stm32f1xx_hal_msp.o         136
    stm32f1xx_hal_rcc.o       1 222
    stm32f1xx_hal_tim.o         972
    stm32f1xx_hal_tim_ex.o       76
    stm32f1xx_hal_uart.o      1 248
    stm32f1xx_it.o               52
    system_stm32f1xx.o           92        9        4
    tim.o                       632               180
    usart.o                   1 204       52      268
    -------------------------------------------------
    Total:                    8 668      104      728

command line: [2]
    -------------------------------------------------
    Total:

dl7M_tlf.a: [3]
    abort.o                       6
    exit.o                        4
    low_level_init.o              4
    vsnprint.o                   60
    xencoding_8859_1.o           30
    xfail_s.o                    64                 4
    xlocale_c.o                 116       39      128
    xmbcurmax.o                  10
    xprintffull.o             3 990
    xsnprout.o                   26
    -------------------------------------------------
    Total:                    4 310       39      132

m7M_tl.a: [4]
    DblAdd.o                    376
    DblCmpGe.o                   46
    DblCmpLe.o                   46
    DblDiv.o                    582
    DblMul.o                    418
    DblSub.o                    226
    DblToS32.o                   58
    DblToU32.o                   40
    FltAdd.o                    226
    FltMul.o                    216
    FltSub.o                    116
    FltToDbl.o                   72
    FltToS32.o                   42
    S32ToDbl.o                   34
    S32ToFlt.o                   36
    U32ToDbl.o                   26
    atan2_64.o                  274
    frexp.o                     112
    iar_Atan64.o                592
    ldexp.o                     314
    -------------------------------------------------
    Total:                    3 852

rt7M_tl.a: [5]
    ABImemcpy.o                 166
    I64DivMod.o                 558
    I64DivZer.o                   2
    cexit.o                      10
    cmain.o                      30
    cstartup_M.o                 12
    data_init.o                  40
    memchr.o                     88
    packbits_init_single.o       56
    strchr.o                     22
    strlen.o                     54
    zero_init3.o                 64
    -------------------------------------------------
    Total:                    1 102

shb_l.a: [6]
    exit.o                       20
    -------------------------------------------------
    Total:                       20

    Gaps                         44
    Linker created                        32    1 024
-----------------------------------------------------
    Grand Total:             17 996      175    1 884


*******************************************************************************
*** ENTRY LIST
***

Entry                      Address   Size  Type      Object
-----                      -------   ----  ----      ------
.iar.init_table$$Base   0x08004558          --   Gb  - Linker created -
.iar.init_table$$Limit  0x08004578          --   Gb  - Linker created -
?main                   0x08004579         Code  Gb  cmain.o [5]
AHBPrescTable           0x080041f4   0x10  Data  Gb  system_stm32f1xx.o [1]
APBPrescTable           0x080045c8    0x8  Data  Gb  system_stm32f1xx.o [1]
BusFault_Handler        0x080044f3    0x2  Code  Gb  stm32f1xx_it.o [1]
CSTACK$$Base            0x20000360          --   Gb  - Linker created -
CSTACK$$Limit           0x20000760          --   Gb  - Linker created -
CacheMore               0x080010a5   0x24  Code  Lc  xlocale_c.o [3]
DebugMon_Handler        0x080044f9    0x2  Code  Gb  stm32f1xx_it.o [1]
HAL_Delay               0x08003331   0x18  Code  Wk  stm32f1xx_hal.o [1]
HAL_GPIO_Init           0x08003011  0x182  Code  Gb  stm32f1xx_hal_gpio.o [1]
HAL_GetTick             0x080027a1    0xc  Code  Wk  stm32f1xx_hal.o [1]
HAL_I2C_Init            0x08003ed9   0xd0  Code  Gb  stm32f1xx_hal_i2c.o [1]
HAL_I2C_MspInit         0x08003695   0x3a  Code  Gb  i2c.o [1]
HAL_IncTick             0x08004521   0x10  Code  Wk  stm32f1xx_hal.o [1]
HAL_Init                0x0800336d   0x20  Code  Gb  stm32f1xx_hal.o [1]
HAL_InitTick            0x08003349   0x24  Code  Wk  stm32f1xx_hal.o [1]
HAL_MspInit             0x08003a39   0x88  Code  Gb  stm32f1xx_hal_msp.o [1]
HAL_NVIC_EnableIRQ      0x08002f9f    0xa  Code  Gb  stm32f1xx_hal_cortex.o [1]
HAL_NVIC_SetPriority    0x08002f65   0x3a  Code  Gb  stm32f1xx_hal_cortex.o [1]
HAL_NVIC_SetPriorityGrouping
                        0x08002f4b   0x1a  Code  Gb  stm32f1xx_hal_cortex.o [1]
HAL_RCC_ClockConfig     0x08002aa1  0x110  Code  Gb  stm32f1xx_hal_rcc.o [1]
HAL_RCC_GetHCLKFreq     0x08002c09    0x6  Code  Gb  stm32f1xx_hal_rcc.o [1]
HAL_RCC_GetPCLK1Freq    0x08002c0f   0x10  Code  Gb  stm32f1xx_hal_rcc.o [1]
HAL_RCC_GetPCLK2Freq    0x08002c1f    0xe  Code  Gb  stm32f1xx_hal_rcc.o [1]
HAL_RCC_GetSysClockFreq
                        0x08002bd1   0x38  Code  Gb  stm32f1xx_hal_rcc.o [1]
HAL_RCC_GetSysClockFreq::aPLLMULFactorTable
                        0x08002c60   0x10  Data  Lc  stm32f1xx_hal_rcc.o [1]
HAL_RCC_GetSysClockFreq::aPredivFactorTable
                        0x08002c70    0x2  Data  Lc  stm32f1xx_hal_rcc.o [1]
HAL_RCC_OscConfig       0x080027ad  0x2ce  Code  Gb  stm32f1xx_hal_rcc.o [1]
HAL_SYSTICK_CLKSourceConfig
                        0x08002fdb   0x1a  Code  Gb  stm32f1xx_hal_cortex.o [1]
HAL_SYSTICK_Callback    0x08002db3  0x14e  Code  Gb  main.o [1]
HAL_SYSTICK_Callback::time_1ms_cnt
                        0x200000a0    0x4  Data  Lc  main.o [1]
HAL_SYSTICK_Callback::time_50ms_cnt
                        0x200000a4    0x4  Data  Lc  main.o [1]
HAL_SYSTICK_Config      0x08002fb3   0x28  Code  Gb  stm32f1xx_hal_cortex.o [1]
HAL_SYSTICK_IRQHandler  0x0800300d    0x4  Code  Gb  stm32f1xx_hal_cortex.o [1]
HAL_TIMEx_MasterConfigSynchronization
                        0x08003e8d   0x4a  Code  Gb  stm32f1xx_hal_tim_ex.o [1]
HAL_TIM_Encoder_Init    0x08003b33   0x88  Code  Gb  stm32f1xx_hal_tim.o [1]
HAL_TIM_Encoder_MspInit
                        0x08003533   0x78  Code  Gb  tim.o [1]
HAL_TIM_Encoder_Start   0x08003bc5   0x20  Code  Gb  stm32f1xx_hal_tim.o [1]
HAL_TIM_MspPostInit     0x080035cd   0x38  Code  Gb  tim.o [1]
HAL_TIM_PWM_ConfigChannel
                        0x08003bef   0xc0  Code  Gb  stm32f1xx_hal_tim.o [1]
HAL_TIM_PWM_Init        0x08003ad5   0x1a  Code  Gb  stm32f1xx_hal_tim.o [1]
HAL_TIM_PWM_MspInit     0x080035ab   0x22  Code  Gb  tim.o [1]
HAL_TIM_PWM_Start       0x08003aef    0x2  Code  Gb  stm32f1xx_hal_tim.o [1]
HAL_UART_IRQHandler     0x08001fa9  0x11e  Code  Gb  stm32f1xx_hal_uart.o [1]
HAL_UART_Init           0x08001e0d   0x1e  Code  Gb  stm32f1xx_hal_uart.o [1]
HAL_UART_MspInit        0x08002399   0x80  Code  Gb  usart.o [1]
HAL_UART_Receive_IT     0x08001f41   0x62  Code  Gb  stm32f1xx_hal_uart.o [1]
HAL_UART_RxCpltCallback
                        0x08002475  0x236  Code  Gb  usart.o [1]
HAL_UART_RxCpltCallback::state
                        0x200000c6    0x1  Data  Lc  usart.o [1]
HAL_UART_RxCpltCallback::stick_1
                        0x200000c8    0x2  Data  Lc  usart.o [1]
HAL_UART_RxCpltCallback::stick_2
                        0x200000ca    0x2  Data  Lc  usart.o [1]
HAL_UART_Transmit       0x08001e83   0x96  Code  Gb  stm32f1xx_hal_uart.o [1]
HardFault_Handler       0x080044ef    0x2  Code  Gb  stm32f1xx_it.o [1]
I2C_Error_Check         0x0800419b    0xc  Code  Gb  mpu9250.o [1]
KD                      0x20000020    0x8  Data  Gb  control.o [1]
KI                      0x20000018    0x8  Data  Gb  control.o [1]
KP                      0x20000010    0x8  Data  Gb  control.o [1]
LoadInt                 0x080002db   0x7a  Code  Lc  xprintffull.o [3]
MPU9250                 0x20000328   0x24  Data  Gb  mpu9250.o [1]
MPU_Read6500            0x08003fb1   0x56  Code  Gb  mpu9250.o [1]
MPU_ReadM_Mag           0x08004031   0x58  Code  Gb  mpu9250.o [1]
MX_GPIO_Init            0x08003391   0x54  Code  Gb  gpio.o [1]
MX_I2C2_Init            0x0800365d   0x38  Code  Gb  i2c.o [1]
MX_TIM2_Init            0x080033e5   0x28  Code  Gb  tim.o [1]
MX_TIM3_Init            0x0800340d   0xa2  Code  Gb  tim.o [1]
MX_TIM4_Init            0x080034d1   0x26  Code  Gb  tim.o [1]
MX_USART1_UART_Init     0x080022e9   0x5a  Code  Gb  usart.o [1]
MX_USART2_UART_Init     0x08002343   0x56  Code  Gb  usart.o [1]
MemManage_Handler       0x080044f1    0x2  Code  Gb  stm32f1xx_it.o [1]
NMI_Handler             0x080044ed    0x2  Code  Gb  stm32f1xx_it.o [1]
NVIC_SetPriority        0x08002f2d   0x1e  Code  Lc  stm32f1xx_hal_cortex.o [1]
PID                     0x20000028    0x8  Data  Gb  control.o [1]
PID_ENABLE              0x20000000    0x1  Data  Gb  control.o [1]
PendSV_Handler          0x080044fb    0x2  Code  Gb  stm32f1xx_it.o [1]
Region$$Table$$Base     0x08004558          --   Gb  - Linker created -
Region$$Table$$Limit    0x08004578          --   Gb  - Linker created -
SVC_Handler             0x080044f7    0x2  Code  Gb  stm32f1xx_it.o [1]
SysTick_Handler         0x080044fd    0xe  Code  Gb  stm32f1xx_it.o [1]
SystemClock_Config      0x08002d41   0x72  Code  Gb  main.o [1]
SystemCoreClock         0x200000a8    0x4  Data  Gb  system_stm32f1xx.o [1]
SystemInit              0x080041a9   0x3a  Code  Gb  system_stm32f1xx.o [1]
TIM_Base_SetConfig      0x08003ce1   0x56  Code  Gb  stm32f1xx_hal_tim.o [1]
TIM_CCxChannelCmd       0x08003e75   0x12  Code  Gb  stm32f1xx_hal_tim.o [1]
TIM_OC1_SetConfig       0x08003d37   0x44  Code  Lc  stm32f1xx_hal_tim.o [1]
TIM_OC2_SetConfig       0x08003d7b   0x52  Code  Gb  stm32f1xx_hal_tim.o [1]
TIM_OC3_SetConfig       0x08003dcd   0x4a  Code  Lc  stm32f1xx_hal_tim.o [1]
TIM_OC4_SetConfig       0x08003e23   0x40  Code  Lc  stm32f1xx_hal_tim.o [1]
UART_Receive_IT         0x08002159   0xaa  Code  Lc  stm32f1xx_hal_uart.o [1]
UART_SetConfig          0x08002203   0xde  Code  Lc  stm32f1xx_hal_uart.o [1]
UART_WaitOnFlagUntilTimeout
                        0x080020c7   0x92  Code  Lc  stm32f1xx_hal_uart.o [1]
USART1_IRQHandler       0x0800450b    0x6  Code  Gb  stm32f1xx_it.o [1]
USART2_IRQHandler       0x08004511    0x6  Code  Gb  stm32f1xx_it.o [1]
UsageFault_Handler      0x080044f5    0x2  Code  Gb  stm32f1xx_it.o [1]
_Encoding_8859_1_Mbrlen
                        0x08001095    0x2  Code  Gb  xencoding_8859_1.o [3]
_Encoding_8859_1_Wctomb
                        0x08001083   0x12  Code  Gb  xencoding_8859_1.o [3]
_Error_Handler          0x08002f1d    0x2  Code  Gb  main.o [1]
_GenldFull              0x08000d5d  0x274  Code  Lc  xprintffull.o [3]
_LdtobFull              0x08000931  0x3fe  Code  Lc  xprintffull.o [3]
_LitobFull              0x080007d9  0x112  Code  Lc  xprintffull.o [3]
_Locale_lconv           0x20000178   0x38  Data  Lc  xlocale_c.o [3]
_PrintfFull             0x080000ed  0x1d6  Code  Gb  xprintffull.o [3]
_PutcharsFull           0x08000fd1   0x2e  Code  Lc  xprintffull.o [3]
_PutfldFull             0x08000355  0x2d0  Code  Lc  xprintffull.o [3]
_PutstrFull             0x0800071b   0xbe  Code  Lc  xprintffull.o [3]
_PuttxtFull             0x08000625   0xf6  Code  Lc  xprintffull.o [3]
_SNProut                0x0800112b   0x1a  Code  Gb  xsnprout.o [3]
__aeabi_cdcmple         0x0800170d         Code  Gb  DblCmpLe.o [4]
__aeabi_cdrcmple        0x0800173d         Code  Gb  DblCmpGe.o [4]
__aeabi_d2iz            0x080018a9         Code  Gb  DblToS32.o [4]
__aeabi_d2uiz           0x08001c35         Code  Gb  DblToU32.o [4]
__aeabi_dadd            0x08001c81         Code  Gb  DblAdd.o [4]
__aeabi_ddiv            0x080019ed         Code  Gb  DblDiv.o [4]
__aeabi_dmul            0x080014f9         Code  Gb  DblMul.o [4]
__aeabi_dsub            0x08001909         Code  Gb  DblSub.o [4]
__aeabi_f2d             0x080032e9         Code  Gb  FltToDbl.o [4]
__aeabi_f2iz            0x0800380d         Code  Gb  FltToS32.o [4]
__aeabi_fadd            0x08003205         Code  Gb  FltAdd.o [4]
__aeabi_fmul            0x08003735         Code  Gb  FltMul.o [4]
__aeabi_i2d             0x080018e5         Code  Gb  S32ToDbl.o [4]
__aeabi_i2f             0x08003711         Code  Gb  S32ToFlt.o [4]
__aeabi_ldiv0           0x08001c7d         Code  Gb  I64DivZer.o [5]
__aeabi_memcpy          0x08001221         Code  Gb  ABImemcpy.o [5]
__aeabi_memcpy4         0x08001241         Code  Gb  ABImemcpy.o [5]
__aeabi_memcpy8         0x08001241         Code  Gb  ABImemcpy.o [5]
__aeabi_ui2d            0x08001c5d         Code  Gb  U32ToDbl.o [4]
__aeabi_uldivmod        0x080012c9         Code  Gb  I64DivMod.o [5]
__cmain                 0x08004579         Code  Gb  cmain.o [5]
__exit                  0x08001df9   0x14  Code  Gb  exit.o [6]
__iar_Atan64            0x08004209  0x1b6  Code  Gb  iar_Atan64.o [4]
__iar_Fail_s            0x08001145   0x1c  Code  Gb  xfail_s.o [3]
__iar_Mbcurmax          0x08001215    0xa  Code  Gb  xmbcurmax.o [3]
__iar_Memchr            0x080011bd         Code  Gb  memchr.o [5]
__iar_Strchr            0x08001115         Code  Gb  strchr.o [5]
__iar_atan2_64          0x08004089  0x106  Code  Gb  atan2_64.o [4]
__iar_dadd              0x08001919         Code  Gb  DblSub.o [4]
__iar_data_init3        0x08004531   0x28  Code  Gb  data_init.o [5]
__iar_dsub              0x08001c91         Code  Gb  DblAdd.o [4]
__iar_dsubStart         0x08001ca3         Code  Gb  DblAdd.o [4]
__iar_fadd              0x080039c5         Code  Gb  FltSub.o [4]
__iar_frexp             0x080016a9         Code  Gb  frexp.o [4]
__iar_frexp64           0x0800169d         Code  Gb  frexp.o [4]
__iar_frexpl            0x080016a9         Code  Gb  frexp.o [4]
__iar_fsub              0x08003211         Code  Gb  FltAdd.o [4]
__iar_fsubStart         0x08003221         Code  Gb  FltAdd.o [4]
__iar_globLocale        0x200001b0   0x48  Data  Lc  xlocale_c.o [3]
__iar_global_Locale     0x080010a1    0x4  Code  Gb  xlocale_c.o [3]
__iar_ldexp64           0x0800176d         Code  Gb  ldexp.o [4]
__iar_packbits_init_single3
                        0x080044b3   0x38  Code  Gb  packbits_init_single.o [5]
__iar_program_start     0x080045bd         Code  Gb  cstartup_M.o [5]
__iar_scalbln64         0x0800176d         Code  Gb  ldexp.o [4]
__iar_scalbn64          0x0800176d         Code  Gb  ldexp.o [4]
__iar_systems$$module {Abs}
                        0x00000001         Data  Gb  command line/config [2]
__iar_zero_init3        0x08004473   0x40  Code  Gb  zero_init3.o [5]
__low_level_init        0x08004597    0x4  Code  Gb  low_level_init.o [3]
__vector_table          0x08000000         Data  Gb  startup_stm32f103xb.o [1]
_call_main              0x08004585         Code  Gb  cmain.o [5]
_exit                   0x080045a1         Code  Gb  cexit.o [5]
_gLocale_mblen          0x08001101    0x4  Code  Gb  xlocale_c.o [3]
_gLocale_mblenInt       0x080010c9   0x34  Code  Gb  xlocale_c.o [3]
_gLocale_wctomb         0x08001105    0x4  Code  Gb  xlocale_c.o [3]
_gLocale_wctombInt      0x080010fd    0x4  Code  Gb  xlocale_c.o [3]
_main                   0x08004593         Code  Gb  cmain.o [5]
a                       0x08004418   0x40  Data  Lc  iar_Atan64.o [4]
abort                   0x08001c77    0x6  Code  Gb  abort.o [3]
ac                      0x20000060    0x8  Data  Gb  control.o [1]
accu_angle              0x20000048    0x4  Data  Gb  control.o [1]
angle                   0x2000004c    0x4  Data  Gb  control.o [1]
atan2                   0x08004089  0x106  Code  Gb  atan2_64.o [4]
atan2l                  0x08004089  0x106  Code  Gb  atan2_64.o [4]
buffer1_rx_temp         0x200000c5    0x1  Data  Gb  usart.o [1]
buffer_rx_temp          0x200000c4    0x1  Data  Gb  usart.o [1]
direction_control       0x080038f1   0xa2  Code  Gb  control.o [1]
exit                    0x0800459b    0x4  Code  Gb  exit.o [3]
frexp                   0x0800169d         Code  Gb  frexp.o [4]
frexpl                  0x0800169d         Code  Gb  frexp.o [4]
gy                      0x20000058    0x8  Data  Gb  control.o [1]
hi2c2                   0x20000238   0x3c  Data  Gb  i2c.o [1]
htim2                   0x20000274   0x3c  Data  Gb  tim.o [1]
htim3                   0x200002b0   0x3c  Data  Gb  tim.o [1]
htim4                   0x200002ec   0x3c  Data  Gb  tim.o [1]
huart1                  0x200000cc   0x40  Data  Gb  usart.o [1]
huart2                  0x200001f8   0x40  Data  Gb  usart.o [1]
last_angle              0x20000050    0x4  Data  Gb  control.o [1]
ldexp                   0x0800176d         Code  Gb  ldexp.o [4]
ldexpl                  0x0800176d         Code  Gb  ldexp.o [4]
leftspeed               0x20000068    0x4  Data  Gb  main.o [1]
leftspeederroracc       0x20000084    0x4  Data  Gb  main.o [1]
leftspeederrorlast      0x20000088    0x4  Data  Gb  main.o [1]
leftspeedkd             0x20000080    0x4  Data  Gb  main.o [1]
leftspeedki             0x2000007c    0x4  Data  Gb  main.o [1]
leftspeedkp             0x20000078    0x4  Data  Gb  main.o [1]
leftspeedset            0x20000070    0x4  Data  Gb  main.o [1]
localeconv              0x08001109    0x4  Code  Gb  xlocale_c.o [3]
mag                     0x20000004    0x8  Data  Gb  control.o [1]
main                    0x08002c75   0x34  Code  Gb  main.o [1]
max_x                   0x20000030    0x4  Data  Gb  control.o [1]
max_y                   0x20000034    0x4  Data  Gb  control.o [1]
megnet                  0x08003839   0xb6  Code  Gb  control.o [1]
memchr                  0x080011bd         Code  Gb  memchr.o [5]
mid_x                   0x20000040    0x4  Data  Gb  control.o [1]
mid_y                   0x20000044    0x4  Data  Gb  control.o [1]
min_x                   0x20000038    0x4  Data  Gb  control.o [1]
min_y                   0x2000003c    0x4  Data  Gb  control.o [1]
mpu_error_deal          0x08004459   0x1a  Code  Gb  mpu9250.o [1]
pulseleft               0x2000034c    0x4  Data  Gb  main.o [1]
pulseright              0x20000350    0x4  Data  Gb  main.o [1]
pwm_control             0x08002cc1   0x80  Code  Gb  main.o [1]
pwm_init                0x08002ca9   0x18  Code  Gb  main.o [1]
rightspeed              0x2000006c    0x4  Data  Gb  main.o [1]
rightspeederroracc      0x20000098    0x4  Data  Gb  main.o [1]
rightspeederrorlast     0x2000009c    0x4  Data  Gb  main.o [1]
rightspeedkd            0x20000094    0x4  Data  Gb  main.o [1]
rightspeedki            0x20000090    0x4  Data  Gb  main.o [1]
rightspeedkp            0x2000008c    0x4  Data  Gb  main.o [1]
rightspeedset           0x20000074    0x4  Data  Gb  main.o [1]
s                       0x200000ac   0x18  Data  Gb  usart.o [1]
scalbln                 0x0800176d         Code  Gb  ldexp.o [4]
scalblnl                0x0800176d         Code  Gb  ldexp.o [4]
scalbn                  0x0800176d         Code  Gb  ldexp.o [4]
scalbnl                 0x0800176d         Code  Gb  ldexp.o [4]
scale                   0x080008eb   0x46  Code  Lc  xprintffull.o [3]
sec_hand                0x20000358    0x4  Data  Lc  xfail_s.o [3]
send_wave               0x080026ab   0x4e  Code  Gb  usart.o [1]
strchr                  0x08001115         Code  Gb  strchr.o [5]
strlen                  0x08001185         Code  Gb  strlen.o [5]
target                  0x20000054    0x4  Data  Gb  control.o [1]
timecounter             0x2000010c    0x4  Data  Gb  usart.o [1]
uart_buffer             0x20000110   0x68  Data  Gb  usart.o [1]
uprintf                 0x0800243b   0x12  Code  Gb  usart.o [1]
uwTick                  0x20000354    0x4  Data  Lc  stm32f1xx_hal.o [1]
vsnprintf               0x080031c9   0x3c  Code  Gb  vsnprint.o [3]


[1] = C:\Users\bread\Desktop\robot\dh\EWARM\encoder\Obj
[2] = command line
[3] = dl7M_tlf.a
[4] = m7M_tl.a
[5] = rt7M_tl.a
[6] = shb_l.a

  17 996 bytes of readonly  code memory
     175 bytes of readonly  data memory
   1 884 bytes of readwrite data memory

Errors: none
Warnings: none
