###############################################################################
#
# IAR ELF Linker V8.22.1.15669/W32 for ARM                07/Aug/2018  09:51:47
# Copyright 2007-2018 IAR Systems AB.
#
#    Output file  =  
#        C:\Users\bread\Desktop\change\2+陀螺仪+改手柄
#        ，放开停止\EWARM\encoder\Exe\encoder.out
#    Map file     =  
#        C:\Users\bread\Desktop\change\2+陀螺仪+改手柄
#        ，放开停止\EWARM\encoder\List\encoder.map
#    Command line =  
#        -f C:\Users\bread\AppData\Local\Temp\EW930D.tmp
#        ("C:\Users\bread\Desktop\change\2+陀螺仪+改手柄
#        ，放开停止\EWARM\encoder\Obj\gpio.o"
#        "C:\Users\bread\Desktop\change\2+陀螺仪+改手柄
#        ，放开停止\EWARM\encoder\Obj\main.o"
#        "C:\Users\bread\Desktop\change\2+陀螺仪+改手柄
#        ，放开停止\EWARM\encoder\Obj\startup_stm32f103xb.o"
#        "C:\Users\bread\Desktop\change\2+陀螺仪+改手柄
#        ，放开停止\EWARM\encoder\Obj\stm32f1xx_hal.o"
#        "C:\Users\bread\Desktop\change\2+陀螺仪+改手柄
#        ，放开停止\EWARM\encoder\Obj\stm32f1xx_hal_cortex.o"
#        "C:\Users\bread\Desktop\change\2+陀螺仪+改手柄
#        ，放开停止\EWARM\encoder\Obj\stm32f1xx_hal_dma.o"
#        "C:\Users\bread\Desktop\change\2+陀螺仪+改手柄
#        ，放开停止\EWARM\encoder\Obj\stm32f1xx_hal_flash.o"
#        "C:\Users\bread\Desktop\change\2+陀螺仪+改手柄
#        ，放开停止\EWARM\encoder\Obj\stm32f1xx_hal_flash_ex.o"
#        "C:\Users\bread\Desktop\change\2+陀螺仪+改手柄
#        ，放开停止\EWARM\encoder\Obj\stm32f1xx_hal_gpio.o"
#        "C:\Users\bread\Desktop\change\2+陀螺仪+改手柄
#        ，放开停止\EWARM\encoder\Obj\stm32f1xx_hal_gpio_ex.o"
#        "C:\Users\bread\Desktop\change\2+陀螺仪+改手柄
#        ，放开停止\EWARM\encoder\Obj\stm32f1xx_hal_msp.o"
#        "C:\Users\bread\Desktop\change\2+陀螺仪+改手柄
#        ，放开停止\EWARM\encoder\Obj\stm32f1xx_hal_pwr.o"
#        "C:\Users\bread\Desktop\change\2+陀螺仪+改手柄
#        ，放开停止\EWARM\encoder\Obj\stm32f1xx_hal_rcc.o"
#        "C:\Users\bread\Desktop\change\2+陀螺仪+改手柄
#        ，放开停止\EWARM\encoder\Obj\stm32f1xx_hal_rcc_ex.o"
#        "C:\Users\bread\Desktop\change\2+陀螺仪+改手柄
#        ，放开停止\EWARM\encoder\Obj\stm32f1xx_hal_tim.o"
#        "C:\Users\bread\Desktop\change\2+陀螺仪+改手柄
#        ，放开停止\EWARM\encoder\Obj\stm32f1xx_hal_tim_ex.o"
#        "C:\Users\bread\Desktop\change\2+陀螺仪+改手柄
#        ，放开停止\EWARM\encoder\Obj\stm32f1xx_hal_uart.o"
#        "C:\Users\bread\Desktop\change\2+陀螺仪+改手柄
#        ，放开停止\EWARM\encoder\Obj\stm32f1xx_it.o"
#        "C:\Users\bread\Desktop\change\2+陀螺仪+改手柄
#        ，放开停止\EWARM\encoder\Obj\system_stm32f1xx.o"
#        "C:\Users\bread\Desktop\change\2+陀螺仪+改手柄
#        ，放开停止\EWARM\encoder\Obj\tim.o"
#        "C:\Users\bread\Desktop\change\2+陀螺仪+改手柄
#        ，放开停止\EWARM\encoder\Obj\usart.o" --redirect
#        _Printf=_PrintfFull --redirect _Scanf=_ScanfFull -o
#        "C:\Users\bread\Desktop\change\2+陀螺仪+改手柄
#        ，放开停止\EWARM\encoder\Exe\encoder.out" --map
#        "C:\Users\bread\Desktop\change\2+陀螺仪+改手柄
#        ，放开停止\EWARM\encoder\List\encoder.map" --config
#        "C:\Users\bread\Desktop\change\2+陀螺仪+改手柄
#        ，放开停止\EWARM/stm32f103xb_flash.icf" --semihosting --entry
#        __iar_program_start --vfe --text_out locale)
#
###############################################################################

*******************************************************************************
*** RUNTIME MODEL ATTRIBUTES
***

CppFlavor       = *
__SystemLibrary = DLib
__dlib_version  = 6


*******************************************************************************
*** HEAP SELECTION
***

The basic heap was selected because no calls to memory allocation
functions were found in the application outside of system library
functions, and there are calls to deallocation functions in the
application.


*******************************************************************************
*** PLACEMENT SUMMARY
***

"A0":  place at 0x08000000 { ro section .intvec };
"P1":  place in [from 0x08000000 to 0x0801ffff] { ro };
define block CSTACK with size = 1K, alignment = 8 { };
define block HEAP with size = 512, alignment = 8 { };
"P2":  place in [from 0x20000000 to 0x20004fff] {
          rw, block CSTACK, block HEAP };
initialize by copy { rw };

  Section            Kind        Address    Size  Object
  -------            ----        -------    ----  ------
"A0":                                       0xec
  .intvec            ro code  0x08000000    0xec  startup_stm32f103xb.o [1]
                            - 0x080000ec    0xec

"P1":                                     0x379f
  .text              ro code  0x080000ec   0xf96  xprintffull.o [3]
  .text              ro code  0x08001082    0x1e  xencoding_8859_1.o [3]
  .text              ro code  0x080010a0    0x74  xlocale_c.o [3]
  .text              ro code  0x08001114    0x16  strchr.o [5]
  .text              ro code  0x0800112a    0x1a  xsnprout.o [3]
  .text              ro code  0x08001144    0x40  xfail_s.o [3]
  .text              ro code  0x08001184    0x36  strlen.o [5]
  .text              ro code  0x080011bc    0x58  memchr.o [5]
  .text              ro code  0x08001214     0xa  xmbcurmax.o [3]
  .text              ro code  0x08001220    0xa6  ABImemcpy.o [5]
  .text              ro code  0x080012c8   0x22e  I64DivMod.o [5]
  .text              ro code  0x080014f8   0x1a2  DblMul.o [4]
  .text              ro code  0x0800169c    0x70  frexp.o [4]
  .text              ro code  0x0800170c    0x2e  DblCmpLe.o [4]
  .text              ro code  0x0800173c    0x2e  DblCmpGe.o [4]
  .text              ro code  0x0800176c   0x13a  ldexp.o [4]
  .text              ro code  0x080018a8    0x3a  DblToS32.o [4]
  .text              ro code  0x080018e4    0x22  S32ToDbl.o [4]
  .text              ro code  0x08001908    0xe2  DblSub.o [4]
  .text              ro code  0x080019ec   0x246  DblDiv.o [4]
  .text              ro code  0x08001c34    0x28  DblToU32.o [4]
  .text              ro code  0x08001c5c    0x1a  U32ToDbl.o [4]
  .text              ro code  0x08001c76     0x6  abort.o [3]
  .text              ro code  0x08001c7c     0x2  I64DivZer.o [5]
  .text              ro code  0x08001c80   0x168  DblAdd.o [4]
  .text              ro code  0x08001de8    0x14  exit.o [6]
  .text              ro code  0x08001dfc   0x4dc  stm32f1xx_hal_uart.o [1]
  .text              ro code  0x080022d8   0x3bc  usart.o [1]
  .text              ro code  0x08002694     0x2  stm32f1xx_hal_uart.o [1]
  .text              ro code  0x08002696     0x2  stm32f1xx_hal_uart.o [1]
  .text              ro code  0x08002698     0xc  stm32f1xx_hal.o [1]
  .text              ro code  0x080026a4   0x4c6  stm32f1xx_hal_rcc.o [1]
  .text              ro code  0x08002b6c   0x18a  main.o [1]
  .text              ro code  0x08002cf8    0xe4  stm32f1xx_hal_cortex.o [1]
  .text              ro code  0x08002ddc   0x1b8  stm32f1xx_hal_gpio.o [1]
  .text              ro code  0x08002f94    0x3c  vsnprint.o [3]
  .text              ro code  0x08002fd0    0x18  stm32f1xx_hal.o [1]
  .text              ro code  0x08002fe8    0x24  stm32f1xx_hal.o [1]
  .text              ro code  0x0800300c    0x24  stm32f1xx_hal.o [1]
  .text              ro code  0x08003030    0x54  gpio.o [1]
  .text              ro code  0x08003084   0x168  tim.o [1]
  .text              ro code  0x080031ec    0x88  stm32f1xx_hal_msp.o [1]
  .text              ro code  0x08003274   0x310  stm32f1xx_hal_tim.o [1]
  .text              ro code  0x08003584    0x4c  stm32f1xx_hal_tim_ex.o [1]
  .text              ro code  0x080035d0    0x5c  system_stm32f1xx.o [1]
  .text              ro code  0x0800362c    0x40  zero_init3.o [5]
  .text              ro code  0x0800366c    0x38  packbits_init_single.o [5]
  .text              ro code  0x080036a4    0x34  stm32f1xx_it.o [1]
  .text              ro code  0x080036d8    0x10  stm32f1xx_hal.o [1]
  .text              ro code  0x080036e8    0x28  data_init.o [5]
  .iar.init_table    const    0x08003710    0x20  - Linker created -
  .text              ro code  0x08003730    0x1e  cmain.o [5]
  .text              ro code  0x0800374e     0x4  low_level_init.o [3]
  .text              ro code  0x08003752     0x4  exit.o [3]
  .text              ro code  0x08003758     0xa  cexit.o [5]
  .text              ro code  0x08003764    0x10  startup_stm32f103xb.o [1]
  .text              ro code  0x08003774     0xc  cstartup_M.o [5]
  .rodata            const    0x08003780     0x8  system_stm32f1xx.o [1]
  .rodata            const    0x08003788     0x6  xlocale_c.o [3]
  .text              ro code  0x0800378e     0x4  startup_stm32f103xb.o [1]
  .text              ro code  0x08003792     0x4  startup_stm32f103xb.o [1]
  .text              ro code  0x08003796     0x4  startup_stm32f103xb.o [1]
  .text              ro code  0x0800379a     0x4  startup_stm32f103xb.o [1]
  .text              ro code  0x0800379e     0x4  startup_stm32f103xb.o [1]
  .text              ro code  0x080037a2     0x4  startup_stm32f103xb.o [1]
  .text              ro code  0x080037a6     0x4  startup_stm32f103xb.o [1]
  .text              ro code  0x080037aa     0x4  startup_stm32f103xb.o [1]
  .text              ro code  0x080037ae     0x4  startup_stm32f103xb.o [1]
  .text              ro code  0x080037b2     0x4  startup_stm32f103xb.o [1]
  .text              ro code  0x080037b6     0x4  startup_stm32f103xb.o [1]
  .text              ro code  0x080037ba     0x4  startup_stm32f103xb.o [1]
  .text              ro code  0x080037be     0x4  startup_stm32f103xb.o [1]
  .text              ro code  0x080037c2     0x4  startup_stm32f103xb.o [1]
  .text              ro code  0x080037c6     0x4  startup_stm32f103xb.o [1]
  .text              ro code  0x080037ca     0x4  startup_stm32f103xb.o [1]
  .text              ro code  0x080037ce     0x4  startup_stm32f103xb.o [1]
  .text              ro code  0x080037d2     0x4  startup_stm32f103xb.o [1]
  .text              ro code  0x080037d6     0x4  startup_stm32f103xb.o [1]
  .text              ro code  0x080037da     0x4  startup_stm32f103xb.o [1]
  .text              ro code  0x080037de     0x4  startup_stm32f103xb.o [1]
  .text              ro code  0x080037e2     0x4  startup_stm32f103xb.o [1]
  .text              ro code  0x080037e6     0x4  startup_stm32f103xb.o [1]
  .text              ro code  0x080037ea     0x4  startup_stm32f103xb.o [1]
  .text              ro code  0x080037ee     0x4  startup_stm32f103xb.o [1]
  .text              ro code  0x080037f2     0x4  startup_stm32f103xb.o [1]
  .text              ro code  0x080037f6     0x4  startup_stm32f103xb.o [1]
  .text              ro code  0x080037fa     0x4  startup_stm32f103xb.o [1]
  .text              ro code  0x080037fe     0x4  startup_stm32f103xb.o [1]
  .text              ro code  0x08003802     0x4  startup_stm32f103xb.o [1]
  .text              ro code  0x08003806     0x4  startup_stm32f103xb.o [1]
  .text              ro code  0x0800380a     0x4  startup_stm32f103xb.o [1]
  .text              ro code  0x0800380e     0x4  startup_stm32f103xb.o [1]
  .text              ro code  0x08003812     0x4  startup_stm32f103xb.o [1]
  .text              ro code  0x08003816     0x4  startup_stm32f103xb.o [1]
  .text              ro code  0x0800381a     0x4  startup_stm32f103xb.o [1]
  .text              ro code  0x0800381e     0x4  startup_stm32f103xb.o [1]
  .text              ro code  0x08003822     0x4  startup_stm32f103xb.o [1]
  .text              ro code  0x08003826     0x4  startup_stm32f103xb.o [1]
  .text              ro code  0x0800382a     0x4  startup_stm32f103xb.o [1]
  .text              ro code  0x0800382e     0x4  startup_stm32f103xb.o [1]
  .rodata            const    0x08003832     0x0  zero_init3.o [5]
  .rodata            const    0x08003832     0x0  packbits_init_single.o [5]
  Initializer bytes  const    0x08003832    0x59  <for P2-1>
                            - 0x0800388b  0x379f

"P2", part 1 of 3:                         0x134
  P2-1                        0x20000000   0x134  <Init block>
    .data            inited   0x20000000     0x4  system_stm32f1xx.o [1]
    .data            inited   0x20000004    0xb0  usart.o [1]
    .data            inited   0x200000b4    0x38  xlocale_c.o [3]
    .data            inited   0x200000ec    0x48  xlocale_c.o [3]
                            - 0x20000134   0x134

"P2", part 2 of 3:                          0x94
  .bss               zero     0x20000134    0x40  usart.o [1]
  .bss               zero     0x20000174    0x3c  tim.o [1]
  .bss               zero     0x200001b0     0xc  main.o [1]
  .bss               zero     0x200001bc     0x4  main.o [1]
  .bss               zero     0x200001c0     0x4  stm32f1xx_hal.o [1]
  .bss               zero     0x200001c4     0x4  xfail_s.o [3]
                            - 0x200001c8    0x94

"P2", part 3 of 3:                         0x400
  CSTACK                      0x200001c8   0x400  <Block>
    CSTACK           uninit   0x200001c8   0x400  <Block tail>
                            - 0x200005c8   0x400


*******************************************************************************
*** INIT TABLE
***

          Address     Size
          -------     ----
Zero (__iar_zero_init3)
    1 destination range, total size 0x94:
          0x20000134   0x94

Copy/packbits (__iar_packbits_init_single3)
    1 source range, total size 0x59 (28% of destination):
          0x08003832   0x59
    1 destination range, total size 0x134:
          0x20000000  0x134



*******************************************************************************
*** MODULE SUMMARY
***

    Module                  ro code  ro data  rw data
    ------                  -------  -------  -------
C:\Users\bread\Desktop\change\2+陀螺仪+改手柄 ，放开停止\EWARM\encoder\Obj: [1]
    gpio.o                       84
    main.o                      394                16
    startup_stm32f103xb.o       416
    stm32f1xx_hal.o             124                 4
    stm32f1xx_hal_cortex.o      228
    stm32f1xx_hal_gpio.o        440
    stm32f1xx_hal_msp.o         136
    stm32f1xx_hal_rcc.o       1 222
    stm32f1xx_hal_tim.o         784
    stm32f1xx_hal_tim_ex.o       76
    stm32f1xx_hal_uart.o      1 248
    stm32f1xx_it.o               52
    system_stm32f1xx.o           92        9        4
    tim.o                       360                60
    usart.o                     956       51      240
    -------------------------------------------------
    Total:                    6 612       60      324

command line: [2]
    -------------------------------------------------
    Total:

dl7M_tlf.a: [3]
    abort.o                       6
    exit.o                        4
    low_level_init.o              4
    vsnprint.o                   60
    xencoding_8859_1.o           30
    xfail_s.o                    64                 4
    xlocale_c.o                 116       43      128
    xmbcurmax.o                  10
    xprintffull.o             3 990
    xsnprout.o                   26
    -------------------------------------------------
    Total:                    4 310       43      132

m7M_tl.a: [4]
    DblAdd.o                    360
    DblCmpGe.o                   46
    DblCmpLe.o                   46
    DblDiv.o                    582
    DblMul.o                    418
    DblSub.o                    226
    DblToS32.o                   58
    DblToU32.o                   40
    S32ToDbl.o                   34
    U32ToDbl.o                   26
    frexp.o                     112
    ldexp.o                     314
    -------------------------------------------------
    Total:                    2 262

rt7M_tl.a: [5]
    ABImemcpy.o                 166
    I64DivMod.o                 558
    I64DivZer.o                   2
    cexit.o                      10
    cmain.o                      30
    cstartup_M.o                 12
    data_init.o                  40
    memchr.o                     88
    packbits_init_single.o       56
    strchr.o                     22
    strlen.o                     54
    zero_init3.o                 64
    -------------------------------------------------
    Total:                    1 102

shb_l.a: [6]
    exit.o                       20
    -------------------------------------------------
    Total:                       20

    Gaps                         34
    Linker created                        32    1 024
-----------------------------------------------------
    Grand Total:             14 340      135    1 480


*******************************************************************************
*** ENTRY LIST
***

Entry                      Address   Size  Type      Object
-----                      -------   ----  ----      ------
.iar.init_table$$Base   0x08003710          --   Gb  - Linker created -
.iar.init_table$$Limit  0x08003730          --   Gb  - Linker created -
?main                   0x08003731         Code  Gb  cmain.o [5]
AHBPrescTable           0x0800361c   0x10  Data  Gb  system_stm32f1xx.o [1]
APBPrescTable           0x08003780    0x8  Data  Gb  system_stm32f1xx.o [1]
BusFault_Handler        0x080036ab    0x2  Code  Gb  stm32f1xx_it.o [1]
CSTACK$$Base            0x200001c8          --   Gb  - Linker created -
CSTACK$$Limit           0x200005c8          --   Gb  - Linker created -
CacheMore               0x080010a5   0x24  Code  Lc  xlocale_c.o [3]
DebugMon_Handler        0x080036b1    0x2  Code  Gb  stm32f1xx_it.o [1]
HAL_Delay               0x08002fd1   0x18  Code  Wk  stm32f1xx_hal.o [1]
HAL_GPIO_Init           0x08002ddd  0x182  Code  Gb  stm32f1xx_hal_gpio.o [1]
HAL_GetTick             0x08002699    0xc  Code  Wk  stm32f1xx_hal.o [1]
HAL_IncTick             0x080036d9   0x10  Code  Wk  stm32f1xx_hal.o [1]
HAL_Init                0x0800300d   0x20  Code  Gb  stm32f1xx_hal.o [1]
HAL_InitTick            0x08002fe9   0x24  Code  Wk  stm32f1xx_hal.o [1]
HAL_MspInit             0x080031ed   0x88  Code  Gb  stm32f1xx_hal_msp.o [1]
HAL_NVIC_EnableIRQ      0x08002d6b    0xa  Code  Gb  stm32f1xx_hal_cortex.o [1]
HAL_NVIC_SetPriority    0x08002d31   0x3a  Code  Gb  stm32f1xx_hal_cortex.o [1]
HAL_NVIC_SetPriorityGrouping
                        0x08002d17   0x1a  Code  Gb  stm32f1xx_hal_cortex.o [1]
HAL_RCC_ClockConfig     0x08002999  0x110  Code  Gb  stm32f1xx_hal_rcc.o [1]
HAL_RCC_GetHCLKFreq     0x08002b01    0x6  Code  Gb  stm32f1xx_hal_rcc.o [1]
HAL_RCC_GetPCLK1Freq    0x08002b07   0x10  Code  Gb  stm32f1xx_hal_rcc.o [1]
HAL_RCC_GetPCLK2Freq    0x08002b17    0xe  Code  Gb  stm32f1xx_hal_rcc.o [1]
HAL_RCC_GetSysClockFreq
                        0x08002ac9   0x38  Code  Gb  stm32f1xx_hal_rcc.o [1]
HAL_RCC_GetSysClockFreq::aPLLMULFactorTable
                        0x08002b58   0x10  Data  Lc  stm32f1xx_hal_rcc.o [1]
HAL_RCC_GetSysClockFreq::aPredivFactorTable
                        0x08002b68    0x2  Data  Lc  stm32f1xx_hal_rcc.o [1]
HAL_RCC_OscConfig       0x080026a5  0x2ce  Code  Gb  stm32f1xx_hal_rcc.o [1]
HAL_SYSTICK_CLKSourceConfig
                        0x08002da7   0x1a  Code  Gb  stm32f1xx_hal_cortex.o [1]
HAL_SYSTICK_Callback    0x08002cab   0x34  Code  Gb  main.o [1]
HAL_SYSTICK_Callback::time_1ms
                        0x200001b8    0x4  Data  Lc  main.o [1]
HAL_SYSTICK_Config      0x08002d7f   0x28  Code  Gb  stm32f1xx_hal_cortex.o [1]
HAL_SYSTICK_IRQHandler  0x08002dd9    0x4  Code  Gb  stm32f1xx_hal_cortex.o [1]
HAL_TIMEx_MasterConfigSynchronization
                        0x08003585   0x4a  Code  Gb  stm32f1xx_hal_tim_ex.o [1]
HAL_TIM_MspPostInit     0x0800316b   0x38  Code  Gb  tim.o [1]
HAL_TIM_PWM_ConfigChannel
                        0x080032f1   0xc0  Code  Gb  stm32f1xx_hal_tim.o [1]
HAL_TIM_PWM_Init        0x08003289   0x1a  Code  Gb  stm32f1xx_hal_tim.o [1]
HAL_TIM_PWM_MspInit     0x08003149   0x22  Code  Gb  tim.o [1]
HAL_TIM_PWM_Start       0x080032a3    0x2  Code  Gb  stm32f1xx_hal_tim.o [1]
HAL_UART_IRQHandler     0x08001f99  0x11e  Code  Gb  stm32f1xx_hal_uart.o [1]
HAL_UART_Init           0x08001dfd   0x1e  Code  Gb  stm32f1xx_hal_uart.o [1]
HAL_UART_MspInit        0x08002379   0x78  Code  Gb  usart.o [1]
HAL_UART_Receive_IT     0x08001f31   0x62  Code  Gb  stm32f1xx_hal_uart.o [1]
HAL_UART_RxCpltCallback
                        0x08002449  0x16a  Code  Gb  usart.o [1]
HAL_UART_RxCpltCallback::read_number
                        0x20000006    0x2  Data  Lc  usart.o [1]
HAL_UART_Transmit       0x08001e73   0x96  Code  Gb  stm32f1xx_hal_uart.o [1]
HardFault_Handler       0x080036a7    0x2  Code  Gb  stm32f1xx_it.o [1]
LoadInt                 0x080002db   0x7a  Code  Lc  xprintffull.o [3]
MX_GPIO_Init            0x08003031   0x54  Code  Gb  gpio.o [1]
MX_TIM3_Init            0x08003085   0xa2  Code  Gb  tim.o [1]
MX_USART1_UART_Init     0x080022d9   0x4a  Code  Gb  usart.o [1]
MX_USART2_UART_Init     0x08002329   0x50  Code  Gb  usart.o [1]
MemManage_Handler       0x080036a9    0x2  Code  Gb  stm32f1xx_it.o [1]
NMI_Handler             0x080036a5    0x2  Code  Gb  stm32f1xx_it.o [1]
NVIC_SetPriority        0x08002cf9   0x1e  Code  Lc  stm32f1xx_hal_cortex.o [1]
PendSV_Handler          0x080036b3    0x2  Code  Gb  stm32f1xx_it.o [1]
Region$$Table$$Base     0x08003710          --   Gb  - Linker created -
Region$$Table$$Limit    0x08003730          --   Gb  - Linker created -
SVC_Handler             0x080036af    0x2  Code  Gb  stm32f1xx_it.o [1]
SysTick_Handler         0x080036b5    0xe  Code  Gb  stm32f1xx_it.o [1]
SystemClock_Config      0x08002c39   0x72  Code  Gb  main.o [1]
SystemCoreClock         0x20000000    0x4  Data  Gb  system_stm32f1xx.o [1]
SystemInit              0x080035d1   0x3a  Code  Gb  system_stm32f1xx.o [1]
TIM_Base_SetConfig      0x080033d9   0x56  Code  Gb  stm32f1xx_hal_tim.o [1]
TIM_CCxChannelCmd       0x0800356d   0x12  Code  Gb  stm32f1xx_hal_tim.o [1]
TIM_OC1_SetConfig       0x0800342f   0x44  Code  Lc  stm32f1xx_hal_tim.o [1]
TIM_OC2_SetConfig       0x08003473   0x52  Code  Gb  stm32f1xx_hal_tim.o [1]
TIM_OC3_SetConfig       0x080034c5   0x4a  Code  Lc  stm32f1xx_hal_tim.o [1]
TIM_OC4_SetConfig       0x0800351b   0x40  Code  Lc  stm32f1xx_hal_tim.o [1]
UART_Receive_IT         0x08002149   0xaa  Code  Lc  stm32f1xx_hal_uart.o [1]
UART_SetConfig          0x080021f3   0xde  Code  Lc  stm32f1xx_hal_uart.o [1]
UART_WaitOnFlagUntilTimeout
                        0x080020b7   0x92  Code  Lc  stm32f1xx_hal_uart.o [1]
USART1_IRQHandler       0x080036c3    0x6  Code  Gb  stm32f1xx_it.o [1]
USART2_IRQHandler       0x080036c9    0x6  Code  Gb  stm32f1xx_it.o [1]
UsageFault_Handler      0x080036ad    0x2  Code  Gb  stm32f1xx_it.o [1]
_Encoding_8859_1_Mbrlen
                        0x08001095    0x2  Code  Gb  xencoding_8859_1.o [3]
_Encoding_8859_1_Wctomb
                        0x08001083   0x12  Code  Gb  xencoding_8859_1.o [3]
_Error_Handler          0x08002cf5    0x2  Code  Gb  main.o [1]
_GenldFull              0x08000d5d  0x274  Code  Lc  xprintffull.o [3]
_LdtobFull              0x08000931  0x3fe  Code  Lc  xprintffull.o [3]
_LitobFull              0x080007d9  0x112  Code  Lc  xprintffull.o [3]
_Locale_lconv           0x200000b4   0x38  Data  Lc  xlocale_c.o [3]
_PrintfFull             0x080000ed  0x1d6  Code  Gb  xprintffull.o [3]
_PutcharsFull           0x08000fd1   0x2e  Code  Lc  xprintffull.o [3]
_PutfldFull             0x08000355  0x2d0  Code  Lc  xprintffull.o [3]
_PutstrFull             0x0800071b   0xbe  Code  Lc  xprintffull.o [3]
_PuttxtFull             0x08000625   0xf6  Code  Lc  xprintffull.o [3]
_SNProut                0x0800112b   0x1a  Code  Gb  xsnprout.o [3]
__aeabi_cdcmple         0x0800170d         Code  Gb  DblCmpLe.o [4]
__aeabi_cdrcmple        0x0800173d         Code  Gb  DblCmpGe.o [4]
__aeabi_d2iz            0x080018a9         Code  Gb  DblToS32.o [4]
__aeabi_d2uiz           0x08001c35         Code  Gb  DblToU32.o [4]
__aeabi_ddiv            0x080019ed         Code  Gb  DblDiv.o [4]
__aeabi_dmul            0x080014f9         Code  Gb  DblMul.o [4]
__aeabi_dsub            0x08001909         Code  Gb  DblSub.o [4]
__aeabi_i2d             0x080018e5         Code  Gb  S32ToDbl.o [4]
__aeabi_ldiv0           0x08001c7d         Code  Gb  I64DivZer.o [5]
__aeabi_memcpy          0x08001221         Code  Gb  ABImemcpy.o [5]
__aeabi_memcpy4         0x08001241         Code  Gb  ABImemcpy.o [5]
__aeabi_memcpy8         0x08001241         Code  Gb  ABImemcpy.o [5]
__aeabi_ui2d            0x08001c5d         Code  Gb  U32ToDbl.o [4]
__aeabi_uldivmod        0x080012c9         Code  Gb  I64DivMod.o [5]
__cmain                 0x08003731         Code  Gb  cmain.o [5]
__exit                  0x08001de9   0x14  Code  Gb  exit.o [6]
__iar_Fail_s            0x08001145   0x1c  Code  Gb  xfail_s.o [3]
__iar_Mbcurmax          0x08001215    0xa  Code  Gb  xmbcurmax.o [3]
__iar_Memchr            0x080011bd         Code  Gb  memchr.o [5]
__iar_Strchr            0x08001115         Code  Gb  strchr.o [5]
__iar_dadd              0x08001919         Code  Gb  DblSub.o [4]
__iar_data_init3        0x080036e9   0x28  Code  Gb  data_init.o [5]
__iar_dsub              0x08001c81         Code  Gb  DblAdd.o [4]
__iar_dsubStart         0x08001c93         Code  Gb  DblAdd.o [4]
__iar_frexp             0x080016a9         Code  Gb  frexp.o [4]
__iar_frexp64           0x0800169d         Code  Gb  frexp.o [4]
__iar_frexpl            0x080016a9         Code  Gb  frexp.o [4]
__iar_globLocale        0x200000ec   0x48  Data  Lc  xlocale_c.o [3]
__iar_global_Locale     0x080010a1    0x4  Code  Gb  xlocale_c.o [3]
__iar_ldexp64           0x0800176d         Code  Gb  ldexp.o [4]
__iar_packbits_init_single3
                        0x0800366d   0x38  Code  Gb  packbits_init_single.o [5]
__iar_program_start     0x08003775         Code  Gb  cstartup_M.o [5]
__iar_scalbln64         0x0800176d         Code  Gb  ldexp.o [4]
__iar_scalbn64          0x0800176d         Code  Gb  ldexp.o [4]
__iar_systems$$module {Abs}
                        0x00000001         Data  Gb  command line/config [2]
__iar_zero_init3        0x0800362d   0x40  Code  Gb  zero_init3.o [5]
__low_level_init        0x0800374f    0x4  Code  Gb  low_level_init.o [3]
__vector_table          0x08000000         Data  Gb  startup_stm32f103xb.o [1]
_call_main              0x0800373d         Code  Gb  cmain.o [5]
_exit                   0x08003759         Code  Gb  cexit.o [5]
_gLocale_mblen          0x08001101    0x4  Code  Gb  xlocale_c.o [3]
_gLocale_mblenInt       0x080010c9   0x34  Code  Gb  xlocale_c.o [3]
_gLocale_wctomb         0x08001105    0x4  Code  Gb  xlocale_c.o [3]
_gLocale_wctombInt      0x080010fd    0x4  Code  Gb  xlocale_c.o [3]
_main                   0x0800374b         Code  Gb  cmain.o [5]
abort                   0x08001c77    0x6  Code  Gb  abort.o [3]
angle                   0x200001bc    0x4  Data  Gb  main.o [1]
buffer1_rx_temp         0x20000005    0x1  Data  Gb  usart.o [1]
buffer_rx_temp          0x20000004    0x1  Data  Gb  usart.o [1]
exit                    0x08003753    0x4  Code  Gb  exit.o [3]
frexp                   0x0800169d         Code  Gb  frexp.o [4]
frexpl                  0x0800169d         Code  Gb  frexp.o [4]
htim3                   0x20000174   0x3c  Data  Gb  tim.o [1]
huart1                  0x20000008   0x40  Data  Gb  usart.o [1]
huart2                  0x20000134   0x40  Data  Gb  usart.o [1]
ldexp                   0x0800176d         Code  Gb  ldexp.o [4]
ldexpl                  0x0800176d         Code  Gb  ldexp.o [4]
localeconv              0x08001109    0x4  Code  Gb  xlocale_c.o [3]
main                    0x08002b6d   0x20  Code  Gb  main.o [1]
memchr                  0x080011bd         Code  Gb  memchr.o [5]
pulseleft               0x200001b0    0x4  Data  Gb  main.o [1]
pulseright              0x200001b4    0x4  Data  Gb  main.o [1]
pwm_control             0x08002baf   0x8a  Code  Gb  main.o [1]
pwm_init                0x08002b8d   0x22  Code  Gb  main.o [1]
scalbln                 0x0800176d         Code  Gb  ldexp.o [4]
scalblnl                0x0800176d         Code  Gb  ldexp.o [4]
scalbn                  0x0800176d         Code  Gb  ldexp.o [4]
scalbnl                 0x0800176d         Code  Gb  ldexp.o [4]
scale                   0x080008eb   0x46  Code  Lc  xprintffull.o [3]
sec_hand                0x200001c4    0x4  Data  Lc  xfail_s.o [3]
strchr                  0x08001115         Code  Gb  strchr.o [5]
strlen                  0x08001185         Code  Gb  strlen.o [5]
timecounter             0x20000048    0x4  Data  Gb  usart.o [1]
uart_buffer             0x2000004c   0x68  Data  Gb  usart.o [1]
uprintf                 0x08002413   0x10  Code  Gb  usart.o [1]
uwTick                  0x200001c0    0x4  Data  Lc  stm32f1xx_hal.o [1]
vsnprintf               0x08002f95   0x3c  Code  Gb  vsnprint.o [3]


[1] = C:\Users\bread\Desktop\change\2+陀螺仪+改手柄 ，放开停止\EWARM\encoder\Obj
[2] = command line
[3] = dl7M_tlf.a
[4] = m7M_tl.a
[5] = rt7M_tl.a
[6] = shb_l.a

  14 340 bytes of readonly  code memory
     135 bytes of readonly  data memory
   1 480 bytes of readwrite data memory

Errors: none
Warnings: none
